This is pdfTeX, Version 3.141592653-2.6-1.40.26 (TeX Live 2024) (preloaded format=pdflatex 2024.7.25)  25 JUL 2024 14:55
entering extended mode
 restricted \write18 enabled.
 %&-line parsing enabled.
**diff-2.tex
(./diff-2.tex
LaTeX2e <2024-06-01> patch level 2
L3 programming layer <2024-05-27>
(c:/Users/erobin17/AppData/Roaming/TinyTeX/texmf-dist/tex/latex/base/article.cls
Document Class: article 2024/02/08 v1.4n Standard LaTeX document class
(c:/Users/erobin17/AppData/Roaming/TinyTeX/texmf-dist/tex/latex/base/size12.clo
File: size12.clo 2024/02/08 v1.4n Standard LaTeX file (size option)
)
\c@part=\count194
\c@section=\count195
\c@subsection=\count196
\c@subsubsection=\count197
\c@paragraph=\count198
\c@subparagraph=\count199
\c@figure=\count266
\c@table=\count267
\abovecaptionskip=\skip49
\belowcaptionskip=\skip50
\bibindent=\dimen141
) (c:/Users/erobin17/AppData/Roaming/TinyTeX/texmf-dist/tex/latex/amsmath/amsmath.sty
Package: amsmath 2024/05/23 v2.17q AMS math features
\@mathmargin=\skip51
For additional information on amsmath, use the `?' option.
(c:/Users/erobin17/AppData/Roaming/TinyTeX/texmf-dist/tex/latex/amsmath/amstext.sty
Package: amstext 2021/08/26 v2.01 AMS text
(c:/Users/erobin17/AppData/Roaming/TinyTeX/texmf-dist/tex/latex/amsmath/amsgen.sty
File: amsgen.sty 1999/11/30 v2.0 generic functions
\@emptytoks=\toks17
\ex@=\dimen142
)) (c:/Users/erobin17/AppData/Roaming/TinyTeX/texmf-dist/tex/latex/amsmath/amsbsy.sty
Package: amsbsy 1999/11/29 v1.2d Bold Symbols
\pmbraise@=\dimen143
) (c:/Users/erobin17/AppData/Roaming/TinyTeX/texmf-dist/tex/latex/amsmath/amsopn.sty
Package: amsopn 2022/04/08 v2.04 operator names
)
\inf@bad=\count268
LaTeX Info: Redefining \frac on input line 233.
\uproot@=\count269
\leftroot@=\count270
LaTeX Info: Redefining \overline on input line 398.
LaTeX Info: Redefining \colon on input line 409.
\classnum@=\count271
\DOTSCASE@=\count272
LaTeX Info: Redefining \ldots on input line 495.
LaTeX Info: Redefining \dots on input line 498.
LaTeX Info: Redefining \cdots on input line 619.
\Mathstrutbox@=\box52
\strutbox@=\box53
LaTeX Info: Redefining \big on input line 721.
LaTeX Info: Redefining \Big on input line 722.
LaTeX Info: Redefining \bigg on input line 723.
LaTeX Info: Redefining \Bigg on input line 724.
\big@size=\dimen144
LaTeX Font Info:    Redeclaring font encoding OML on input line 742.
LaTeX Font Info:    Redeclaring font encoding OMS on input line 743.
\macc@depth=\count273
LaTeX Info: Redefining \bmod on input line 904.
LaTeX Info: Redefining \pmod on input line 909.
LaTeX Info: Redefining \smash on input line 939.
LaTeX Info: Redefining \relbar on input line 969.
LaTeX Info: Redefining \Relbar on input line 970.
\c@MaxMatrixCols=\count274
\dotsspace@=\muskip17
\c@parentequation=\count275
\dspbrk@lvl=\count276
\tag@help=\toks18
\row@=\count277
\column@=\count278
\maxfields@=\count279
\andhelp@=\toks19
\eqnshift@=\dimen145
\alignsep@=\dimen146
\tagshift@=\dimen147
\tagwidth@=\dimen148
\totwidth@=\dimen149
\lineht@=\dimen150
\@envbody=\toks20
\multlinegap=\skip52
\multlinetaggap=\skip53
\mathdisplay@stack=\toks21
LaTeX Info: Redefining \[ on input line 2953.
LaTeX Info: Redefining \] on input line 2954.
) (c:/Users/erobin17/AppData/Roaming/TinyTeX/texmf-dist/tex/latex/graphics/graphicx.sty
Package: graphicx 2021/09/16 v1.2d Enhanced LaTeX Graphics (DPC,SPQR)
(c:/Users/erobin17/AppData/Roaming/TinyTeX/texmf-dist/tex/latex/graphics/keyval.sty
Package: keyval 2022/05/29 v1.15 key=value parser (DPC)
\KV@toks@=\toks22
) (c:/Users/erobin17/AppData/Roaming/TinyTeX/texmf-dist/tex/latex/graphics/graphics.sty
Package: graphics 2024/05/23 v1.4g Standard LaTeX Graphics (DPC,SPQR)
(c:/Users/erobin17/AppData/Roaming/TinyTeX/texmf-dist/tex/latex/graphics/trig.sty
Package: trig 2023/12/02 v1.11 sin cos tan (DPC)
) (c:/Users/erobin17/AppData/Roaming/TinyTeX/texmf-dist/tex/latex/graphics-cfg/graphics.cfg
File: graphics.cfg 2016/06/04 v1.11 sample graphics configuration
)
Package graphics Info: Driver file: pdftex.def on input line 106.
(c:/Users/erobin17/AppData/Roaming/TinyTeX/texmf-dist/tex/latex/graphics-def/pdftex.def
File: pdftex.def 2024/04/13 v1.2c Graphics/color driver for pdftex
))
\Gin@req@height=\dimen151
\Gin@req@width=\dimen152
) (c:/Users/erobin17/AppData/Roaming/TinyTeX/texmf-dist/tex/latex/psfrag/psfrag.sty
Package: psfrag 1998/04/11 v3.04 PSfrag (MCG)
\pfg@pcount=\count280
\pfg@scount=\count281
\pfg@temp=\write3
) (c:/Users/erobin17/AppData/Roaming/TinyTeX/texmf-dist/tex/generic/epsf/epsf.sty
This is `epsf.tex' v2.7.4 <14 February 2011>
\epsffilein=\read2
\epsfframemargin=\dimen153
\epsfframethickness=\dimen154
\epsfrsize=\dimen155
\epsftmp=\dimen156
\epsftsize=\dimen157
\epsfxsize=\dimen158
\epsfysize=\dimen159
\pspoints=\dimen160
) (c:/Users/erobin17/AppData/Roaming/TinyTeX/texmf-dist/tex/latex/tools/enumerate.sty
Package: enumerate 2023/07/04 v3.00 enumerate extensions (DPC)
\@enLab=\toks23
) (c:/Users/erobin17/AppData/Roaming/TinyTeX/texmf-dist/tex/latex/natbib/natbib.sty
Package: natbib 2010/09/13 8.31b (PWD, AO)
\bibhang=\skip54
\bibsep=\skip55
LaTeX Info: Redefining \cite on input line 694.
\c@NAT@ctr=\count282
) (c:/Users/erobin17/AppData/Roaming/TinyTeX/texmf-dist/tex/latex/base/textcomp.sty
Package: textcomp 2024/04/24 v2.1b Standard LaTeX package
) (c:/Users/erobin17/AppData/Roaming/TinyTeX/texmf-dist/tex/latex/xcolor/xcolor.sty
Package: xcolor 2023/11/15 v3.01 LaTeX color extensions (UK)
(c:/Users/erobin17/AppData/Roaming/TinyTeX/texmf-dist/tex/latex/graphics-cfg/color.cfg
File: color.cfg 2016/01/02 v1.6 sample color configuration
)
Package xcolor Info: Driver file: pdftex.def on input line 274.
(c:/Users/erobin17/AppData/Roaming/TinyTeX/texmf-dist/tex/latex/graphics/mathcolor.ltx)
Package xcolor Info: Model `cmy' substituted by `cmy0' on input line 1350.
Package xcolor Info: Model `hsb' substituted by `rgb' on input line 1354.
Package xcolor Info: Model `RGB' extended on input line 1366.
Package xcolor Info: Model `HTML' substituted by `rgb' on input line 1368.
Package xcolor Info: Model `Hsb' substituted by `hsb' on input line 1369.
Package xcolor Info: Model `tHsb' substituted by `hsb' on input line 1370.
Package xcolor Info: Model `HSB' substituted by `hsb' on input line 1371.
Package xcolor Info: Model `Gray' substituted by `gray' on input line 1372.
Package xcolor Info: Model `wave' substituted by `hsb' on input line 1373.
) (c:/Users/erobin17/AppData/Roaming/TinyTeX/texmf-dist/tex/latex/graphics/dvipsnam.def
File: dvipsnam.def 2016/06/17 v3.0m Driver-dependent file (DPC,SPQR)
) (c:/Users/erobin17/AppData/Roaming/TinyTeX/texmf-dist/tex/latex/algorithms/algorithm.sty
Package: algorithm 2009/08/24 v0.1 Document Style `algorithm' - floating environment
(c:/Users/erobin17/AppData/Roaming/TinyTeX/texmf-dist/tex/latex/float/float.sty
Package: float 2001/11/08 v1.3d Float enhancements (AL)
\c@float@type=\count283
\float@exts=\toks24
\float@box=\box54
\@float@everytoks=\toks25
\@floatcapt=\box55
) (c:/Users/erobin17/AppData/Roaming/TinyTeX/texmf-dist/tex/latex/base/ifthen.sty
Package: ifthen 2024/03/16 v1.1e Standard LaTeX ifthen package (DPC)
)
\@float@every@algorithm=\toks26
\c@algorithm=\count284
) (c:/Users/erobin17/AppData/Roaming/TinyTeX/texmf-dist/tex/latex/algorithmicx/algpseudocode.sty
Package: algpseudocode 
(c:/Users/erobin17/AppData/Roaming/TinyTeX/texmf-dist/tex/latex/algorithmicx/algorithmicx.sty
Package: algorithmicx 2005/04/27 v1.2 Algorithmicx
Document Style algorithmicx 1.2 - a greatly improved `algorithmic' style
\c@ALG@line=\count285
\c@ALG@rem=\count286
\c@ALG@nested=\count287
\ALG@tlm=\skip56
\ALG@thistlm=\skip57
\c@ALG@Lnr=\count288
\c@ALG@blocknr=\count289
\c@ALG@storecount=\count290
\c@ALG@tmpcounter=\count291
\ALG@tmplength=\skip58
)
Document Style - pseudocode environments for use with the `algorithmicx' style
) (c:/Users/erobin17/AppData/Roaming/TinyTeX/texmf-dist/tex/latex/booktabs/booktabs.sty
Package: booktabs 2020/01/12 v1.61803398 Publication quality tables
\heavyrulewidth=\dimen161
\lightrulewidth=\dimen162
\cmidrulewidth=\dimen163
\belowrulesep=\dimen164
\belowbottomsep=\dimen165
\aboverulesep=\dimen166
\abovetopsep=\dimen167
\cmidrulesep=\dimen168
\cmidrulekern=\dimen169
\defaultaddspace=\dimen170
\@cmidla=\count292
\@cmidlb=\count293
\@aboverulesep=\dimen171
\@belowrulesep=\dimen172
\@thisruleclass=\count294
\@lastruleclass=\count295
\@thisrulewidth=\dimen173
) (c:/Users/erobin17/AppData/Roaming/TinyTeX/texmf-dist/tex/latex/hyperref/hyperref.sty
Package: hyperref 2024-07-10 v7.01j Hypertext links for LaTeX
(c:/Users/erobin17/AppData/Roaming/TinyTeX/texmf-dist/tex/generic/iftex/iftex.sty
Package: iftex 2022/02/03 v1.0f TeX engine tests
) (c:/Users/erobin17/AppData/Roaming/TinyTeX/texmf-dist/tex/latex/kvsetkeys/kvsetkeys.sty
Package: kvsetkeys 2022-10-05 v1.19 Key value parser (HO)
) (c:/Users/erobin17/AppData/Roaming/TinyTeX/texmf-dist/tex/generic/kvdefinekeys/kvdefinekeys.sty
Package: kvdefinekeys 2019-12-19 v1.6 Define keys (HO)
) (c:/Users/erobin17/AppData/Roaming/TinyTeX/texmf-dist/tex/generic/pdfescape/pdfescape.sty
Package: pdfescape 2019/12/09 v1.15 Implements pdfTeX's escape features (HO)
(c:/Users/erobin17/AppData/Roaming/TinyTeX/texmf-dist/tex/generic/ltxcmds/ltxcmds.sty
Package: ltxcmds 2023-12-04 v1.26 LaTeX kernel commands for general use (HO)
) (c:/Users/erobin17/AppData/Roaming/TinyTeX/texmf-dist/tex/generic/pdftexcmds/pdftexcmds.sty
Package: pdftexcmds 2020-06-27 v0.33 Utility functions of pdfTeX for LuaTeX (HO)
(c:/Users/erobin17/AppData/Roaming/TinyTeX/texmf-dist/tex/generic/infwarerr/infwarerr.sty
Package: infwarerr 2019/12/03 v1.5 Providing info/warning/error messages (HO)
)
Package pdftexcmds Info: \pdf@primitive is available.
Package pdftexcmds Info: \pdf@ifprimitive is available.
Package pdftexcmds Info: \pdfdraftmode found.
)) (c:/Users/erobin17/AppData/Roaming/TinyTeX/texmf-dist/tex/latex/hycolor/hycolor.sty
Package: hycolor 2020-01-27 v1.10 Color options for hyperref/bookmark (HO)
) (c:/Users/erobin17/AppData/Roaming/TinyTeX/texmf-dist/tex/latex/hyperref/nameref.sty
Package: nameref 2023-11-26 v2.56 Cross-referencing by name of section
(c:/Users/erobin17/AppData/Roaming/TinyTeX/texmf-dist/tex/latex/refcount/refcount.sty
Package: refcount 2019/12/15 v3.6 Data extraction from label references (HO)
) (c:/Users/erobin17/AppData/Roaming/TinyTeX/texmf-dist/tex/generic/gettitlestring/gettitlestring.sty
Package: gettitlestring 2019/12/15 v1.6 Cleanup title references (HO)
(c:/Users/erobin17/AppData/Roaming/TinyTeX/texmf-dist/tex/latex/kvoptions/kvoptions.sty
Package: kvoptions 2022-06-15 v3.15 Key value format for package options (HO)
))
\c@section@level=\count296
) (c:/Users/erobin17/AppData/Roaming/TinyTeX/texmf-dist/tex/latex/etoolbox/etoolbox.sty
Package: etoolbox 2020/10/05 v2.5k e-TeX tools for LaTeX (JAW)
\etb@tempcnta=\count297
) (c:/Users/erobin17/AppData/Roaming/TinyTeX/texmf-dist/tex/generic/stringenc/stringenc.sty
Package: stringenc 2019/11/29 v1.12 Convert strings between diff. encodings (HO)
)
\@linkdim=\dimen174
\Hy@linkcounter=\count298
\Hy@pagecounter=\count299
(c:/Users/erobin17/AppData/Roaming/TinyTeX/texmf-dist/tex/latex/hyperref/pd1enc.def
File: pd1enc.def 2024-07-10 v7.01j Hyperref: PDFDocEncoding definition (HO)
Now handling font encoding PD1 ...
... no UTF-8 mapping file for font encoding PD1
) (c:/Users/erobin17/AppData/Roaming/TinyTeX/texmf-dist/tex/generic/intcalc/intcalc.sty
Package: intcalc 2019/12/15 v1.3 Expandable calculations with integers (HO)
)
\Hy@SavedSpaceFactor=\count300
(c:/Users/erobin17/AppData/Roaming/TinyTeX/texmf-dist/tex/latex/hyperref/puenc.def
File: puenc.def 2024-07-10 v7.01j Hyperref: PDF Unicode definition (HO)
Now handling font encoding PU ...
... no UTF-8 mapping file for font encoding PU
)
Package hyperref Info: Option `unicode' set `true' on input line 4040.
Package hyperref Info: Hyper figures OFF on input line 4157.
Package hyperref Info: Link nesting OFF on input line 4162.
Package hyperref Info: Hyper index ON on input line 4165.
Package hyperref Info: Plain pages OFF on input line 4172.
Package hyperref Info: Backreferencing OFF on input line 4177.
Package hyperref Info: Implicit mode ON; LaTeX internals redefined.
Package hyperref Info: Bookmarks ON on input line 4424.
\c@Hy@tempcnt=\count301
(c:/Users/erobin17/AppData/Roaming/TinyTeX/texmf-dist/tex/latex/url/url.sty
\Urlmuskip=\muskip18
Package: url 2013/09/16  ver 3.4  Verb mode for urls, etc.
)
LaTeX Info: Redefining \url on input line 4763.
\XeTeXLinkMargin=\dimen175
(c:/Users/erobin17/AppData/Roaming/TinyTeX/texmf-dist/tex/generic/bitset/bitset.sty
Package: bitset 2019/12/09 v1.3 Handle bit-vector datatype (HO)
(c:/Users/erobin17/AppData/Roaming/TinyTeX/texmf-dist/tex/generic/bigintcalc/bigintcalc.sty
Package: bigintcalc 2019/12/15 v1.5 Expandable calculations on big integers (HO)
))
\Fld@menulength=\count302
\Field@Width=\dimen176
\Fld@charsize=\dimen177
Package hyperref Info: Hyper figures OFF on input line 6042.
Package hyperref Info: Link nesting OFF on input line 6047.
Package hyperref Info: Hyper index ON on input line 6050.
Package hyperref Info: backreferencing OFF on input line 6057.
Package hyperref Info: Link coloring OFF on input line 6062.
Package hyperref Info: Link coloring with OCG OFF on input line 6067.
Package hyperref Info: PDF/A mode OFF on input line 6072.
(c:/Users/erobin17/AppData/Roaming/TinyTeX/texmf-dist/tex/latex/base/atbegshi-ltx.sty
Package: atbegshi-ltx 2021/01/10 v1.0c Emulation of the original atbegshi
package with kernel methods
)
\Hy@abspage=\count303
\c@Item=\count304
\c@Hfootnote=\count305
)
Package hyperref Info: Driver (autodetected): hpdftex.
(c:/Users/erobin17/AppData/Roaming/TinyTeX/texmf-dist/tex/latex/hyperref/hpdftex.def
File: hpdftex.def 2024-07-10 v7.01j Hyperref driver for pdfTeX
(c:/Users/erobin17/AppData/Roaming/TinyTeX/texmf-dist/tex/latex/base/atveryend-ltx.sty
Package: atveryend-ltx 2020/08/19 v1.0a Emulation of the original atveryend package
with kernel methods
)
\Fld@listcount=\count306
\c@bookmark@seq@number=\count307
(c:/Users/erobin17/AppData/Roaming/TinyTeX/texmf-dist/tex/latex/rerunfilecheck/rerunfilecheck.sty
Package: rerunfilecheck 2022-07-10 v1.10 Rerun checks for auxiliary files (HO)
(c:/Users/erobin17/AppData/Roaming/TinyTeX/texmf-dist/tex/generic/uniquecounter/uniquecounter.sty
Package: uniquecounter 2019/12/15 v1.4 Provide unlimited unique counter (HO)
)
Package uniquecounter Info: New unique counter `rerunfilecheck' on input line 285.
)
\Hy@SectionHShift=\skip59
) (c:/Users/erobin17/AppData/Roaming/TinyTeX/texmf-dist/tex/latex/cleveref/cleveref.sty
Package: cleveref 2018/03/27 v0.21.4 Intelligent cross-referencing
Package cleveref Info: `hyperref' support loaded on input line 2370.
LaTeX Info: Redefining \cref on input line 2370.
LaTeX Info: Redefining \Cref on input line 2370.
LaTeX Info: Redefining \crefrange on input line 2370.
LaTeX Info: Redefining \Crefrange on input line 2370.
LaTeX Info: Redefining \cpageref on input line 2370.
LaTeX Info: Redefining \Cpageref on input line 2370.
LaTeX Info: Redefining \cpagerefrange on input line 2370.
LaTeX Info: Redefining \Cpagerefrange on input line 2370.
LaTeX Info: Redefining \labelcref on input line 2370.
LaTeX Info: Redefining \labelcpageref on input line 2370.
Package cleveref Info: `algorithmicx' support loaded on input line 3120.
Package cleveref Info: always capitalise cross-reference names on input line 7825.
Package cleveref Info: always capitalise cross-reference names on input line 7852.
) (c:/Users/erobin17/AppData/Roaming/TinyTeX/texmf-dist/tex/latex/tools/xr.sty
Package: xr 2024-04-10 v6.00 eXternal References (DPC)
)
Package xr Info: IMPORTING LABELS FROM appendix.aux on input line 46.
(c:/Users/erobin17/AppData/Roaming/TinyTeX/texmf-dist/tex/latex/subfig/subfig.sty
Package: subfig 2005/06/28 ver: 1.3 subfig package
(c:/Users/erobin17/AppData/Roaming/TinyTeX/texmf-dist/tex/latex/caption/caption.sty
Package: caption 2023/08/05 v3.6o Customizing captions (AR)
(c:/Users/erobin17/AppData/Roaming/TinyTeX/texmf-dist/tex/latex/caption/caption3.sty
Package: caption3 2023/07/31 v2.4d caption3 kernel (AR)
\caption@tempdima=\dimen178
\captionmargin=\dimen179
\caption@leftmargin=\dimen180
\caption@rightmargin=\dimen181
\caption@width=\dimen182
\caption@indent=\dimen183
\caption@parindent=\dimen184
\caption@hangindent=\dimen185
Package caption Info: Standard document class detected.
)
\c@caption@flags=\count308
\c@continuedfloat=\count309
Package caption Info: float package is loaded.
Package caption Info: hyperref package is loaded.
)
\c@KVtest=\count310
\sf@farskip=\skip60
\sf@captopadj=\dimen186
\sf@capskip=\skip61
\sf@nearskip=\skip62
\c@subfigure=\count311
\c@subfigure@save=\count312
\c@lofdepth=\count313
\c@subtable=\count314
\c@subtable@save=\count315
\c@lotdepth=\count316
\sf@top=\skip63
\sf@bottom=\skip64
) (c:/Users/erobin17/AppData/Roaming/TinyTeX/texmf-dist/tex/latex/bookmark/bookmark.sty
Package: bookmark 2023-12-10 v1.31 PDF bookmarks (HO)
(c:/Users/erobin17/AppData/Roaming/TinyTeX/texmf-dist/tex/latex/bookmark/bkm-pdftex.def
File: bkm-pdftex.def 2023-12-10 v1.31 bookmark driver for pdfTeX and luaTeX (HO)
\BKM@id=\count317
)) (c:/Users/erobin17/AppData/Roaming/TinyTeX/texmf-dist/tex/generic/ulem/ulem.sty
\UL@box=\box56
\UL@hyphenbox=\box57
\UL@skip=\skip65
\UL@hook=\toks27
\UL@height=\dimen187
\UL@pe=\count318
\UL@pixel=\dimen188
\ULC@box=\box58
Package: ulem 2019/11/18
\ULdepth=\dimen189
) (c:/Users/erobin17/AppData/Roaming/TinyTeX/texmf-dist/tex/latex/oberdiek/settobox.sty
Package: settobox 2016/05/16 v1.5 Assign box dimensions to length registers (HO)
) (c:/Users/erobin17/AppData/Roaming/TinyTeX/texmf-dist/tex/latex/letltxmacro/letltxmacro.sty
Package: letltxmacro 2019/12/03 v1.6 Let assignment for LaTeX macros (HO)
)
\DIFdelgraphicsbox=\box59
\DIFdelgraphicswidth=\skip66
\DIFdelgraphicsheight=\skip67
LaTeX Info: Redefining \DIFaddbegin on input line 107.
LaTeX Info: Redefining \DIFaddend on input line 108.
LaTeX Info: Redefining \DIFdelbegin on input line 109.
LaTeX Info: Redefining \DIFdelend on input line 110.
LaTeX Info: Redefining \DIFaddbeginFL on input line 115.
LaTeX Info: Redefining \DIFaddendFL on input line 116.
LaTeX Info: Redefining \DIFdelbeginFL on input line 117.
LaTeX Info: Redefining \DIFdelendFL on input line 118.
(c:/Users/erobin17/AppData/Roaming/TinyTeX/texmf-dist/tex/latex/listings/listings.sty
\lst@mode=\count319
\lst@gtempboxa=\box60
\lst@token=\toks28
\lst@length=\count320
\lst@currlwidth=\dimen190
\lst@column=\count321
\lst@pos=\count322
\lst@lostspace=\dimen191
\lst@width=\dimen192
\lst@newlines=\count323
\lst@lineno=\count324
\lst@maxwidth=\dimen193
(c:/Users/erobin17/AppData/Roaming/TinyTeX/texmf-dist/tex/latex/listings/lstpatch.sty
File: lstpatch.sty 2024/05/25 1.10b (Carsten Heinz)
) (c:/Users/erobin17/AppData/Roaming/TinyTeX/texmf-dist/tex/latex/listings/lstmisc.sty
File: lstmisc.sty 2024/05/25 1.10b (Carsten Heinz)
\c@lstnumber=\count325
\lst@skipnumbers=\count326
\lst@framebox=\box61
) (c:/Users/erobin17/AppData/Roaming/TinyTeX/texmf-dist/tex/latex/listings/listings.cfg
File: listings.cfg 2024/05/25 1.10b listings configuration
))
Package: listings 2024/05/25 1.10b (Carsten Heinz)
(c:/Users/erobin17/AppData/Roaming/TinyTeX/texmf-dist/tex/latex/l3backend/l3backend-pdftex.def
File: l3backend-pdftex.def 2024-05-08 L3 backend support: PDF output (pdfTeX)
\l__color_backend_stack_int=\count327
\l__pdf_internal_box=\box62
) (./diff-2.aux

LaTeX Warning: Label `fig:rorschach-lineups' multiply defined.


LaTeX Warning: Label `fig:rorschach-lineups@cref' multiply defined.


LaTeX Warning: Label `exponential-growth-rates-and-curvature' multiply defined.


LaTeX Warning: Label `exponential-growth-rates-and-curvature@cref' multiply defined.


LaTeX Warning: Label `eq:simpleexp' multiply defined.


LaTeX Warning: Label `eq:simpleexp@cref' multiply defined.


LaTeX Warning: Label `fig:simple-exponential' multiply defined.


LaTeX Warning: Label `fig:simple-exponential@cref' multiply defined.


LaTeX Warning: Label `fig:lineup-fixed-scales' multiply defined.


LaTeX Warning: Label `fig:lineup-fixed-scales@cref' multiply defined.


LaTeX Warning: Label `fig:lineup-free-scales-1' multiply defined.


LaTeX Warning: Label `fig:lineup-free-scales-1@cref' multiply defined.


LaTeX Warning: Label `sub@fig:lineup-free-scales-1' multiply defined.


LaTeX Warning: Label `fig:lineup-free-scales-2' multiply defined.


LaTeX Warning: Label `fig:lineup-free-scales-2@cref' multiply defined.


LaTeX Warning: Label `sub@fig:lineup-free-scales-2' multiply defined.


LaTeX Warning: Label `fig:lineup-free-scales' multiply defined.


LaTeX Warning: Label `fig:lineup-free-scales@cref' multiply defined.


LaTeX Warning: Label `fig:lineup-truncate-scales' multiply defined.


LaTeX Warning: Label `fig:lineup-truncate-scales@cref' multiply defined.


LaTeX Warning: Label `eq:complexexp' multiply defined.


LaTeX Warning: Label `eq:complexexp@cref' multiply defined.


LaTeX Warning: Label `fig:lineup-scale-data' multiply defined.


LaTeX Warning: Label `fig:lineup-scale-data@cref' multiply defined.


LaTeX Warning: Label `participant-confidence-and-accuracy' multiply defined.


LaTeX Warning: Label `participant-confidence-and-accuracy@cref' multiply defined.


LaTeX Warning: Label `fig:conf-mosaic' multiply defined.


LaTeX Warning: Label `fig:conf-mosaic@cref' multiply defined.


Package natbib Warning: Citation `vanderplas_clusters_2017' multiply defined.


Package natbib Warning: Citation `wolfeWhatPreattentiveFeature2019' multiply defined.

)
\openout1 = `diff-2.aux'.

LaTeX Font Info:    Checking defaults for OML/cmm/m/it on input line 137.
LaTeX Font Info:    ... okay on input line 137.
LaTeX Font Info:    Checking defaults for OMS/cmsy/m/n on input line 137.
LaTeX Font Info:    ... okay on input line 137.
LaTeX Font Info:    Checking defaults for OT1/cmr/m/n on input line 137.
LaTeX Font Info:    ... okay on input line 137.
LaTeX Font Info:    Checking defaults for T1/cmr/m/n on input line 137.
LaTeX Font Info:    ... okay on input line 137.
LaTeX Font Info:    Checking defaults for TS1/cmr/m/n on input line 137.
LaTeX Font Info:    ... okay on input line 137.
LaTeX Font Info:    Checking defaults for OMX/cmex/m/n on input line 137.
LaTeX Font Info:    ... okay on input line 137.
LaTeX Font Info:    Checking defaults for U/cmr/m/n on input line 137.
LaTeX Font Info:    ... okay on input line 137.
LaTeX Font Info:    Checking defaults for PD1/pdf/m/n on input line 137.
LaTeX Font Info:    ... okay on input line 137.
LaTeX Font Info:    Checking defaults for PU/pdf/m/n on input line 137.
LaTeX Font Info:    ... okay on input line 137.
(c:/Users/erobin17/AppData/Roaming/TinyTeX/texmf-dist/tex/latex/epstopdf-pkg/epstopdf-base.sty
Package: epstopdf-base 2020-01-24 v2.11 Base part for package epstopdf
Package epstopdf-base Info: Redefining graphics rule for `.eps' on input line 485.
(c:/Users/erobin17/AppData/Roaming/TinyTeX/texmf-dist/tex/latex/latexconfig/epstopdf-sys.cfg
File: epstopdf-sys.cfg 2010/07/13 v1.3 Configuration of (r)epstopdf for TeX Live
))
Package hyperref Info: Link coloring OFF on input line 137.
Package caption Info: Begin \AtBeginDocument code.
Package caption Info: subfig package v1.3 is loaded.
Package caption Info: listings package is loaded.
Package caption Info: End \AtBeginDocument code.
\c@lstlisting=\count328

Overfull \hbox (66.51514pt too wide) in paragraph at lines 162--162
 [][] 
 []



[1
Non-PDF special ignored!
<special> header=psfrag.pro

{c:/Users/erobin17/AppData/Roaming/TinyTeX/texmf-var/fonts/map/pdftex/updmap/pdftex.map}]
Overfull \hbox (117.49625pt too wide) in paragraph at lines 210--230
[]|   []   [][]|   []
 []



[2]
<logarithmic-lineups-revisions-2_files/figure-latex/log-scales-1.pdf, id=40, 433.62pt x 289.08pt>
File: logarithmic-lineups-revisions-2_files/figure-latex/log-scales-1.pdf Graphic file (type pdf)
<use logarithmic-lineups-revisions-2_files/figure-latex/log-scales-1.pdf>
Package pdftex.def Info: logarithmic-lineups-revisions-2_files/figure-latex/log-scales-1.pdf  used on input line 253.
(pdftex.def)             Requested size: 462.26999pt x 308.19655pt.

Overfull \hbox (6.79999pt too wide) in paragraph at lines 253--255
 [][][] 
 []


LaTeX Warning: Reference `fig:exponential-stages' on page 1 undefined on input line 275.



[3 <./logarithmic-lineups-revisions-2_files/figure-latex/log-scales-1.pdf>]
Overfull \hbox (89.31317pt too wide) in paragraph at lines 295--325
\OT1/cmr/m/n/12 mer-i-cally and graph-i-cally []|   []   [][]|   []
 []


Overfull \hbox (2.9599pt too wide) in paragraph at lines 295--325
|   []   |   []   |   []   |   []   |   []   |   []   |   []   |   []   |   []   |   []   |   []   |   []
 []



[4]

[5]

[6]

[7]
Package hyperref Info: bookmark level for unknown algorithm defaults to 0 on input line 461.

Underfull \hbox (badness 1132) in paragraph at lines 468--469
[][]|   []   |   []   |   []   |   []   |   []   |   []   |   []   |   []   |   []   |   []   |   []   |   []
 []


Underfull \hbox (badness 10000) in paragraph at lines 471--476
[]\OT1/cmr/m/n/12 Us-ing the \OT1/cmtt/m/n/12 nls \OT1/cmr/m/n/12 func-tion from the base \OT1/cmtt/m/n/12 stats \OT1/cmr/m/n/12 pack-age in Rstu-dio
 []



[8]

[9]

[10
pdfTeX warning (ext4): destination with the same identifier (name{ALG@line.1}) has been already used, duplicate ignored
<argument> ...shipout:D \box_use:N \l_shipout_box 
                                                  \__shipout_drop_firstpage_...
l.519 
      
pdfTeX warning (ext4): destination with the same identifier (name{ALG@line.2}) has been already used, duplicate ignored
<argument> ...shipout:D \box_use:N \l_shipout_box 
                                                  \__shipout_drop_firstpage_...
l.519 
      
pdfTeX warning (ext4): destination with the same identifier (name{ALG@line.3}) has been already used, duplicate ignored
<argument> ...shipout:D \box_use:N \l_shipout_box 
                                                  \__shipout_drop_firstpage_...
l.519 
      
pdfTeX warning (ext4): destination with the same identifier (name{ALG@line.4}) has been already used, duplicate ignored
<argument> ...shipout:D \box_use:N \l_shipout_box 
                                                  \__shipout_drop_firstpage_...
l.519 
      
pdfTeX warning (ext4): destination with the same identifier (name{ALG@line.5}) has been already used, duplicate ignored
<argument> ...shipout:D \box_use:N \l_shipout_box 
                                                  \__shipout_drop_firstpage_...
l.519 
      ]
<logarithmic-lineups-revisions-2_files/figure-latex/lof-density-curves-1.pdf, id=191, 578.16pt x 289.08pt>
File: logarithmic-lineups-revisions-2_files/figure-latex/lof-density-curves-1.pdf Graphic file (type pdf)
<use logarithmic-lineups-revisions-2_files/figure-latex/lof-density-curves-1.pdf>
Package pdftex.def Info: logarithmic-lineups-revisions-2_files/figure-latex/lof-density-curves-1.pdf  used on input line 524.
(pdftex.def)             Requested size: 462.26999pt x 231.13197pt.

Overfull \hbox (6.79999pt too wide) in paragraph at lines 524--526
 [][][] 
 []



[11 <./logarithmic-lineups-revisions-2_files/figure-latex/lof-density-curves-1.pdf>]

[12]
<logarithmic-lineups-revisions-2_files/figure-latex/curvature-combination-example-1.pdf, id=223, 650.43pt x 433.62pt>
File: logarithmic-lineups-revisions-2_files/figure-latex/curvature-combination-example-1.pdf Graphic file (type pdf)
<use logarithmic-lineups-revisions-2_files/figure-latex/curvature-combination-example-1.pdf>
Package pdftex.def Info: logarithmic-lineups-revisions-2_files/figure-latex/curvature-combination-example-1.pdf  used on input line 585.
(pdftex.def)             Requested size: 462.26999pt x 308.18994pt.

Overfull \hbox (6.79999pt too wide) in paragraph at lines 585--587
 [][][] 
 []



[13 <./logarithmic-lineups-revisions-2_files/figure-latex/curvature-combination-example-1.pdf>]
<logarithmic-lineups-revisions-2_files/figure-latex/lineup-example-1.pdf, id=236, 415.5525pt x 198.7425pt>
File: logarithmic-lineups-revisions-2_files/figure-latex/lineup-example-1.pdf Graphic file (type pdf)
<use logarithmic-lineups-revisions-2_files/figure-latex/lineup-example-1.pdf>
Package pdftex.def Info: logarithmic-lineups-revisions-2_files/figure-latex/lineup-example-1.pdf  used on input line 609.
(pdftex.def)             Requested size: 462.26999pt x 221.09502pt.

Overfull \hbox (6.79999pt too wide) in paragraph at lines 609--611
 [][][] 
 []



[14 <./logarithmic-lineups-revisions-2_files/figure-latex/lineup-example-1.pdf>]
Overfull \hbox (48.69556pt too wide) in paragraph at lines 657--668
\OT1/cmr/m/n/12 et al.[], []2022[]) ac-ces-si-ble at []$\OT1/cmtt/m/n/12 https : / / emily -[] robinson . shinyapps . io / perception -[] of -[] statistical -[]
 []

<images/study-homepage.jpg, id=261, 878.68275pt x 522.753pt>
File: images/study-homepage.jpg Graphic file (type jpg)
<use images/study-homepage.jpg>
Package pdftex.def Info: images/study-homepage.jpg  used on input line 671.
(pdftex.def)             Requested size: 462.26999pt x 275.02374pt.


[15]
<images/lineup-study-example-trial.jpg, id=274, 1064.778pt x 651.6345pt>
File: images/lineup-study-example-trial.jpg Graphic file (type jpg)
<use images/lineup-study-example-trial.jpg>
Package pdftex.def Info: images/lineup-study-example-trial.jpg  used on input line 695.
(pdftex.def)             Requested size: 462.26999pt x 282.9019pt.


[16 <./images/study-homepage.jpg>]

[17 <./images/lineup-study-example-trial.jpg>]
Overfull \hbox (25.20227pt too wide) in paragraph at lines 705--723
|   []   |   []   |   []   |   []   |   []   |   []   |   []   |   []   |   []   |   []
 []



[18]
Overfull \hbox (34.28876pt too wide) in paragraph at lines 793--794
|   []   |   []   |   []   |   []   |   []   |   []   |   []   |   []   |   []   |   []   |   []   |   []   |   []
 []



[19]
<logarithmic-lineups-revisions-2_files/figure-latex/rorschach-lineups-1.pdf, id=314, 650.43pt x 505.89pt>
File: logarithmic-lineups-revisions-2_files/figure-latex/rorschach-lineups-1.pdf Graphic file (type pdf)
<use logarithmic-lineups-revisions-2_files/figure-latex/rorschach-lineups-1.pdf>
Package pdftex.def Info: logarithmic-lineups-revisions-2_files/figure-latex/rorschach-lineups-1.pdf  used on input line 797.
(pdftex.def)             Requested size: 462.26999pt x 359.55493pt.

Overfull \hbox (6.79999pt too wide) in paragraph at lines 797--798
 [][][] 
 []



[20]

[21 <./logarithmic-lineups-revisions-2_files/figure-latex/rorschach-lineups-1.pdf>]
LaTeX Font Info:    Trying to load font information for OML+cmr on input line 859.
(c:/Users/erobin17/AppData/Roaming/TinyTeX/texmf-dist/tex/latex/base/omlcmr.fd
File: omlcmr.fd 2023/04/13 v2.5m Standard LaTeX font definitions
)
LaTeX Font Info:    Font shape `OML/cmr/m/n' in size <12> not available
(Font)              Font shape `OML/cmm/m/it' tried instead on input line 859.
<images/observed-proportions.png, id=337, 614.295pt x 794.97pt>
File: images/observed-proportions.png Graphic file (type png)
<use images/observed-proportions.png>
Package pdftex.def Info: images/observed-proportions.png  used on input line 864.
(pdftex.def)             Requested size: 462.26999pt x 598.23965pt.

LaTeX Warning: Float too large for page by 47.08052pt on input line 869.



[22]

[23]

[24 <./images/observed-proportions.png>]
<logarithmic-lineups-revisions-2_files/figure-latex/odds-ratio-plot-1.pdf, id=360, 650.43pt x 433.62pt>
File: logarithmic-lineups-revisions-2_files/figure-latex/odds-ratio-plot-1.pdf Graphic file (type pdf)
<use logarithmic-lineups-revisions-2_files/figure-latex/odds-ratio-plot-1.pdf>
Package pdftex.def Info: logarithmic-lineups-revisions-2_files/figure-latex/odds-ratio-plot-1.pdf  used on input line 921.
(pdftex.def)             Requested size: 462.26999pt x 308.18994pt.

Overfull \hbox (6.79999pt too wide) in paragraph at lines 921--923
 [][][] 
 []



[25 <./logarithmic-lineups-revisions-2_files/figure-latex/odds-ratio-plot-1.pdf>]

[26]
Overfull \hbox (26.9777pt too wide) in paragraph at lines 985--995
[]\OT1/cmr/m/n/12 It is worth not-ing that our study fo-cused specif-i-cally on data sim-u-lated with a []|   []
 []


Overfull \hbox (6.99413pt too wide) in paragraph at lines 996--1015
\OT1/cmr/m/n/12 ad-van-tages, such as mak-ing it harder to uti-lize graph-i-cal in-for-ma-tion. []|   []
 []


Overfull \hbox (23.13052pt too wide) in paragraph at lines 996--1015
|   []   |   []   |   []   |   []   |   []   |   []   |   []   |   []   |   []   |   []   |   []   |   []
 []



[27]
Overfull \hbox (28.01079pt too wide) in paragraph at lines 1036--1040
\OT1/cmr/m/n/12 found on GitHub at []$\OT1/cmtt/m/n/12 https : / / github . com / earobinson95 / perception -[] of -[] statistical -[]
 []



[28]
<appendix-2_files/figure-latex/simple-exponential-1.pdf, id=406, 578.16pt x 216.81pt>
File: appendix-2_files/figure-latex/simple-exponential-1.pdf Graphic file (type pdf)
<use appendix-2_files/figure-latex/simple-exponential-1.pdf>
Package pdftex.def Info: appendix-2_files/figure-latex/simple-exponential-1.pdf  used on input line 1069.
(pdftex.def)             Requested size: 462.26999pt x 173.34898pt.

Overfull \hbox (6.79999pt too wide) in paragraph at lines 1069--1071
 [][][] 
 []



[29 <./appendix-2_files/figure-latex/simple-exponential-1.pdf>]
<appendix-2_files/figure-latex/lineup-fixed-scales-1.pdf, id=431, 542.025pt x 433.62pt>
File: appendix-2_files/figure-latex/lineup-fixed-scales-1.pdf Graphic file (type pdf)
<use appendix-2_files/figure-latex/lineup-fixed-scales-1.pdf>
Package pdftex.def Info: appendix-2_files/figure-latex/lineup-fixed-scales-1.pdf  used on input line 1119.
(pdftex.def)             Requested size: 277.3648pt x 221.89755pt.


[30 <./appendix-2_files/figure-latex/lineup-fixed-scales-1.pdf>]
<appendix-2_files/figure-latex/lineup-free-scales-1.pdf, id=446, 542.025pt x 433.62pt>
File: appendix-2_files/figure-latex/lineup-free-scales-1.pdf Graphic file (type pdf)
<use appendix-2_files/figure-latex/lineup-free-scales-1.pdf>
Package pdftex.def Info: appendix-2_files/figure-latex/lineup-free-scales-1.pdf  used on input line 1135.
(pdftex.def)             Requested size: 277.3648pt x 221.89755pt.
<images/curvature-overlay-free-scales.png, id=447, 84.7968pt x 99.9735pt>
File: images/curvature-overlay-free-scales.png Graphic file (type png)
<use images/curvature-overlay-free-scales.png>
Package pdftex.def Info: images/curvature-overlay-free-scales.png  used on input line 1135.
(pdftex.def)             Requested size: 92.45258pt x 109.00859pt.

Underfull \hbox (badness 2521) in paragraph at lines 1135--1135
[]\OT1/cmr/m/n/10 (b) |Over-lay of null
 []



[31 <./appendix-2_files/figure-latex/lineup-free-scales-1.pdf> <./images/curvature-overlay-free-scales.png>]
<appendix-2_files/figure-latex/lineup-truncate-scales-1.pdf, id=465, 542.025pt x 433.62pt>
File: appendix-2_files/figure-latex/lineup-truncate-scales-1.pdf Graphic file (type pdf)
<use appendix-2_files/figure-latex/lineup-truncate-scales-1.pdf>
Package pdftex.def Info: appendix-2_files/figure-latex/lineup-truncate-scales-1.pdf  used on input line 1169.
(pdftex.def)             Requested size: 277.3648pt x 221.89755pt.


[32 <./appendix-2_files/figure-latex/lineup-truncate-scales-1.pdf>]
<appendix-2_files/figure-latex/lineup-scale-data-1.pdf, id=479, 542.025pt x 433.62pt>
File: appendix-2_files/figure-latex/lineup-scale-data-1.pdf Graphic file (type pdf)
<use appendix-2_files/figure-latex/lineup-scale-data-1.pdf>
Package pdftex.def Info: appendix-2_files/figure-latex/lineup-scale-data-1.pdf  used on input line 1212.
(pdftex.def)             Requested size: 277.3648pt x 221.89755pt.

Overfull \hbox (22.17776pt too wide) in paragraph at lines 1239--1240
[]|   []   |   []   |   []   |   []   |   []   |   []   |   []   |   []   |   []   |   []   |   []   |   []   |   []
 []


Overfull \hbox (10.15797pt too wide) in paragraph at lines 1239--1240
|   []   |   []   |   []   |   []   |   []   |   []   |   []   |   []   |   []   |   []   |   []
 []



[33]

[34 <./appendix-2_files/figure-latex/lineup-scale-data-1.pdf>]
<appendix-2_files/figure-latex/conf-mosaic-1.pdf, id=502, 867.24pt x 578.16pt>
File: appendix-2_files/figure-latex/conf-mosaic-1.pdf Graphic file (type pdf)
<use appendix-2_files/figure-latex/conf-mosaic-1.pdf>
Package pdftex.def Info: appendix-2_files/figure-latex/conf-mosaic-1.pdf  used on input line 1314.
(pdftex.def)             Requested size: 462.26999pt x 308.17891pt.

Overfull \hbox (6.79999pt too wide) in paragraph at lines 1314--1316
 [][][] 
 []



[35]

[36 <./appendix-2_files/figure-latex/conf-mosaic-1.pdf>] (./diff-2.bbl

[37]

[38]

[39])

Package natbib Warning: There were multiply defined citations.



[40] (./diff-2.aux)
 ***********
LaTeX2e <2024-06-01> patch level 2
L3 programming layer <2024-05-27>
 ***********

LaTeX Warning: There were undefined references.


LaTeX Warning: There were multiply-defined labels.

 ) 
Here is how much of TeX's memory you used:
 16204 strings out of 475543
 279194 string characters out of 5775717
 2001908 words of memory out of 5000000
 38517 multiletter control sequences out of 15000+600000
 566857 words of font info for 67 fonts, out of 8000000 for 9000
 14 hyphenation exceptions out of 8191
 75i,11n,80p,594b,603s stack positions out of 10000i,1000n,20000p,200000b,200000s

pdfTeX warning (dest): name{conclusion-discussion} has been referenced but does not exist, replaced by a fixed one

 <c:/Users/erobin17/AppData/Roaming/TinyTeX/texmf-var/fonts/pk/ljfour/jknappen/ec/tcrm1200.600pk><c:/Users/erobin17/AppData/Roaming/TinyTeX/texmf-dist/fonts/type1/public/amsfonts/cm/cmbx10.pfb><c:/Users/erobin17/AppData/Roaming/TinyTeX/texmf-dist/fonts/type1/public/amsfonts/cm/cmbx12.pfb><c:/Users/erobin17/AppData/Roaming/TinyTeX/texmf-dist/fonts/type1/public/amsfonts/cm/cmmi12.pfb><c:/Users/erobin17/AppData/Roaming/TinyTeX/texmf-dist/fonts/type1/public/amsfonts/cm/cmmi6.pfb><c:/Users/erobin17/AppData/Roaming/TinyTeX/texmf-dist/fonts/type1/public/amsfonts/cm/cmmi8.pfb><c:/Users/erobin17/AppData/Roaming/TinyTeX/texmf-dist/fonts/type1/public/amsfonts/cm/cmr10.pfb><c:/Users/erobin17/AppData/Roaming/TinyTeX/texmf-dist/fonts/type1/public/amsfonts/cm/cmr12.pfb><c:/Users/erobin17/AppData/Roaming/TinyTeX/texmf-dist/fonts/type1/public/amsfonts/cm/cmr6.pfb><c:/Users/erobin17/AppData/Roaming/TinyTeX/texmf-dist/fonts/type1/public/amsfonts/cm/cmr8.pfb><c:/Users/erobin17/AppData/Roaming/TinyTeX/texmf-dist/fonts/type1/public/amsfonts/cm/cmsy10.pfb><c:/Users/erobin17/AppData/Roaming/TinyTeX/texmf-dist/fonts/type1/public/amsfonts/cm/cmsy8.pfb><c:/Users/erobin17/AppData/Roaming/TinyTeX/texmf-dist/fonts/type1/public/amsfonts/cm/cmti12.pfb><c:/Users/erobin17/AppData/Roaming/TinyTeX/texmf-dist/fonts/type1/public/amsfonts/cm/cmtt12.pfb><c:/Users/erobin17/AppData/Roaming/TinyTeX/texmf-dist/fonts/type1/public/amsfonts/latxfont/lasy6.pfb>
Output written on diff-2.pdf (40 pages, 1560495 bytes).
PDF statistics:
 677 PDF objects out of 1000 (max. 8388607)
 561 compressed objects within 6 object streams
 139 named destinations out of 1000 (max. 500000)
 193 words of extra memory for PDF output out of 10000 (max. 10000000)

