This is pdfTeX, Version 3.141592653-2.6-1.40.26 (TeX Live 2024) (preloaded format=pdflatex 2025.2.23)  23 FEB 2025 11:57
entering extended mode
 restricted \write18 enabled.
 %&-line parsing enabled.
**C:/Users/erobin17/Documents/publications/2023-logarithmic-lineups/logarithmic-lineups-revisions-3+appendix.tex
(c:/Users/erobin17/Documents/publications/2023-logarithmic-lineups/logarithmic-lineups-revisions-3+appendix.tex
LaTeX2e <2024-11-01> patch level 2
L3 programming layer <2025-01-18>
(c:/Users/erobin17/AppData/Roaming/TinyTeX/texmf-dist/tex/latex/base/article.cls
Document Class: article 2024/06/29 v1.4n Standard LaTeX document class
(c:/Users/erobin17/AppData/Roaming/TinyTeX/texmf-dist/tex/latex/base/size12.clo
File: size12.clo 2024/06/29 v1.4n Standard LaTeX file (size option)
)
\c@part=\count196
\c@section=\count197
\c@subsection=\count198
\c@subsubsection=\count199
\c@paragraph=\count266
\c@subparagraph=\count267
\c@figure=\count268
\c@table=\count269
\abovecaptionskip=\skip49
\belowcaptionskip=\skip50
\bibindent=\dimen141
) (c:/Users/erobin17/AppData/Roaming/TinyTeX/texmf-dist/tex/latex/amsmath/amsmath.sty
Package: amsmath 2024/11/05 v2.17t AMS math features
\@mathmargin=\skip51
For additional information on amsmath, use the `?' option.
(c:/Users/erobin17/AppData/Roaming/TinyTeX/texmf-dist/tex/latex/amsmath/amstext.sty
Package: amstext 2021/08/26 v2.01 AMS text
(c:/Users/erobin17/AppData/Roaming/TinyTeX/texmf-dist/tex/latex/amsmath/amsgen.sty
File: amsgen.sty 1999/11/30 v2.0 generic functions
\@emptytoks=\toks17
\ex@=\dimen142
)) (c:/Users/erobin17/AppData/Roaming/TinyTeX/texmf-dist/tex/latex/amsmath/amsbsy.sty
Package: amsbsy 1999/11/29 v1.2d Bold Symbols
\pmbraise@=\dimen143
) (c:/Users/erobin17/AppData/Roaming/TinyTeX/texmf-dist/tex/latex/amsmath/amsopn.sty
Package: amsopn 2022/04/08 v2.04 operator names
)
\inf@bad=\count270
LaTeX Info: Redefining \frac on input line 233.
\uproot@=\count271
\leftroot@=\count272
LaTeX Info: Redefining \overline on input line 398.
LaTeX Info: Redefining \colon on input line 409.
\classnum@=\count273
\DOTSCASE@=\count274
LaTeX Info: Redefining \ldots on input line 495.
LaTeX Info: Redefining \dots on input line 498.
LaTeX Info: Redefining \cdots on input line 619.
\Mathstrutbox@=\box52
\strutbox@=\box53
LaTeX Info: Redefining \big on input line 721.
LaTeX Info: Redefining \Big on input line 722.
LaTeX Info: Redefining \bigg on input line 723.
LaTeX Info: Redefining \Bigg on input line 724.
\big@size=\dimen144
LaTeX Font Info:    Redeclaring font encoding OML on input line 742.
LaTeX Font Info:    Redeclaring font encoding OMS on input line 743.
\macc@depth=\count275
LaTeX Info: Redefining \bmod on input line 904.
LaTeX Info: Redefining \pmod on input line 909.
LaTeX Info: Redefining \smash on input line 939.
LaTeX Info: Redefining \relbar on input line 969.
LaTeX Info: Redefining \Relbar on input line 970.
\c@MaxMatrixCols=\count276
\dotsspace@=\muskip17
\c@parentequation=\count277
\dspbrk@lvl=\count278
\tag@help=\toks18
\row@=\count279
\column@=\count280
\maxfields@=\count281
\andhelp@=\toks19
\eqnshift@=\dimen145
\alignsep@=\dimen146
\tagshift@=\dimen147
\tagwidth@=\dimen148
\totwidth@=\dimen149
\lineht@=\dimen150
\@envbody=\toks20
\multlinegap=\skip52
\multlinetaggap=\skip53
\mathdisplay@stack=\toks21
LaTeX Info: Redefining \[ on input line 2953.
LaTeX Info: Redefining \] on input line 2954.
) (c:/Users/erobin17/AppData/Roaming/TinyTeX/texmf-dist/tex/latex/graphics/graphicx.sty
Package: graphicx 2021/09/16 v1.2d Enhanced LaTeX Graphics (DPC,SPQR)
(c:/Users/erobin17/AppData/Roaming/TinyTeX/texmf-dist/tex/latex/graphics/keyval.sty
Package: keyval 2022/05/29 v1.15 key=value parser (DPC)
\KV@toks@=\toks22
) (c:/Users/erobin17/AppData/Roaming/TinyTeX/texmf-dist/tex/latex/graphics/graphics.sty
Package: graphics 2024/08/06 v1.4g Standard LaTeX Graphics (DPC,SPQR)
(c:/Users/erobin17/AppData/Roaming/TinyTeX/texmf-dist/tex/latex/graphics/trig.sty
Package: trig 2023/12/02 v1.11 sin cos tan (DPC)
) (c:/Users/erobin17/AppData/Roaming/TinyTeX/texmf-dist/tex/latex/graphics-cfg/graphics.cfg
File: graphics.cfg 2016/06/04 v1.11 sample graphics configuration
)
Package graphics Info: Driver file: pdftex.def on input line 106.
(c:/Users/erobin17/AppData/Roaming/TinyTeX/texmf-dist/tex/latex/graphics-def/pdftex.def
File: pdftex.def 2024/04/13 v1.2c Graphics/color driver for pdftex
))
\Gin@req@height=\dimen151
\Gin@req@width=\dimen152
) (c:/Users/erobin17/AppData/Roaming/TinyTeX/texmf-dist/tex/latex/psfrag/psfrag.sty
Package: psfrag 1998/04/11 v3.04 PSfrag (MCG)
\pfg@pcount=\count282
\pfg@scount=\count283
\pfg@temp=\write3
) (c:/Users/erobin17/AppData/Roaming/TinyTeX/texmf-dist/tex/generic/epsf/epsf.sty
This is `epsf.tex' v2.7.4 <14 February 2011>
\epsffilein=\read2
\epsfframemargin=\dimen153
\epsfframethickness=\dimen154
\epsfrsize=\dimen155
\epsftmp=\dimen156
\epsftsize=\dimen157
\epsfxsize=\dimen158
\epsfysize=\dimen159
\pspoints=\dimen160
) (c:/Users/erobin17/AppData/Roaming/TinyTeX/texmf-dist/tex/latex/tools/enumerate.sty
Package: enumerate 2023/07/04 v3.00 enumerate extensions (DPC)
\@enLab=\toks23
) (c:/Users/erobin17/AppData/Roaming/TinyTeX/texmf-dist/tex/latex/natbib/natbib.sty
Package: natbib 2010/09/13 8.31b (PWD, AO)
\bibhang=\skip54
\bibsep=\skip55
LaTeX Info: Redefining \cite on input line 694.
\c@NAT@ctr=\count284
) (c:/Users/erobin17/AppData/Roaming/TinyTeX/texmf-dist/tex/latex/base/textcomp.sty
Package: textcomp 2024/04/24 v2.1b Standard LaTeX package
) (c:/Users/erobin17/AppData/Roaming/TinyTeX/texmf-dist/tex/latex/xcolor/xcolor.sty
Package: xcolor 2024/09/29 v3.02 LaTeX color extensions (UK)
(c:/Users/erobin17/AppData/Roaming/TinyTeX/texmf-dist/tex/latex/graphics-cfg/color.cfg
File: color.cfg 2016/01/02 v1.6 sample color configuration
)
Package xcolor Info: Driver file: pdftex.def on input line 274.
(c:/Users/erobin17/AppData/Roaming/TinyTeX/texmf-dist/tex/latex/graphics/mathcolor.ltx)
Package xcolor Info: Model `cmy' substituted by `cmy0' on input line 1349.
Package xcolor Info: Model `hsb' substituted by `rgb' on input line 1353.
Package xcolor Info: Model `RGB' extended on input line 1365.
Package xcolor Info: Model `HTML' substituted by `rgb' on input line 1367.
Package xcolor Info: Model `Hsb' substituted by `hsb' on input line 1368.
Package xcolor Info: Model `tHsb' substituted by `hsb' on input line 1369.
Package xcolor Info: Model `HSB' substituted by `hsb' on input line 1370.
Package xcolor Info: Model `Gray' substituted by `gray' on input line 1371.
Package xcolor Info: Model `wave' substituted by `hsb' on input line 1372.
) (c:/Users/erobin17/AppData/Roaming/TinyTeX/texmf-dist/tex/latex/graphics/dvipsnam.def
File: dvipsnam.def 2016/06/17 v3.0m Driver-dependent file (DPC,SPQR)
) (c:/Users/erobin17/AppData/Roaming/TinyTeX/texmf-dist/tex/latex/algorithms/algorithm.sty
Package: algorithm 2009/08/24 v0.1 Document Style `algorithm' - floating environment
(c:/Users/erobin17/AppData/Roaming/TinyTeX/texmf-dist/tex/latex/float/float.sty
Package: float 2001/11/08 v1.3d Float enhancements (AL)
\c@float@type=\count285
\float@exts=\toks24
\float@box=\box54
\@float@everytoks=\toks25
\@floatcapt=\box55
) (c:/Users/erobin17/AppData/Roaming/TinyTeX/texmf-dist/tex/latex/base/ifthen.sty
Package: ifthen 2024/03/16 v1.1e Standard LaTeX ifthen package (DPC)
)
\@float@every@algorithm=\toks26
\c@algorithm=\count286
) (c:/Users/erobin17/AppData/Roaming/TinyTeX/texmf-dist/tex/latex/algorithmicx/algpseudocode.sty
Package: algpseudocode 
(c:/Users/erobin17/AppData/Roaming/TinyTeX/texmf-dist/tex/latex/algorithmicx/algorithmicx.sty
Package: algorithmicx 2005/04/27 v1.2 Algorithmicx
Document Style algorithmicx 1.2 - a greatly improved `algorithmic' style
\c@ALG@line=\count287
\c@ALG@rem=\count288
\c@ALG@nested=\count289
\ALG@tlm=\skip56
\ALG@thistlm=\skip57
\c@ALG@Lnr=\count290
\c@ALG@blocknr=\count291
\c@ALG@storecount=\count292
\c@ALG@tmpcounter=\count293
\ALG@tmplength=\skip58
)
Document Style - pseudocode environments for use with the `algorithmicx' style
) (c:/Users/erobin17/AppData/Roaming/TinyTeX/texmf-dist/tex/latex/booktabs/booktabs.sty
Package: booktabs 2020/01/12 v1.61803398 Publication quality tables
\heavyrulewidth=\dimen161
\lightrulewidth=\dimen162
\cmidrulewidth=\dimen163
\belowrulesep=\dimen164
\belowbottomsep=\dimen165
\aboverulesep=\dimen166
\abovetopsep=\dimen167
\cmidrulesep=\dimen168
\cmidrulekern=\dimen169
\defaultaddspace=\dimen170
\@cmidla=\count294
\@cmidlb=\count295
\@aboverulesep=\dimen171
\@belowrulesep=\dimen172
\@thisruleclass=\count296
\@lastruleclass=\count297
\@thisrulewidth=\dimen173
) (c:/Users/erobin17/AppData/Roaming/TinyTeX/texmf-dist/tex/latex/hyperref/hyperref.sty
Package: hyperref 2024-11-05 v7.01l Hypertext links for LaTeX
(c:/Users/erobin17/AppData/Roaming/TinyTeX/texmf-dist/tex/generic/iftex/iftex.sty
Package: iftex 2024/12/12 v1.0g TeX engine tests
) (c:/Users/erobin17/AppData/Roaming/TinyTeX/texmf-dist/tex/latex/kvsetkeys/kvsetkeys.sty
Package: kvsetkeys 2022-10-05 v1.19 Key value parser (HO)
) (c:/Users/erobin17/AppData/Roaming/TinyTeX/texmf-dist/tex/generic/kvdefinekeys/kvdefinekeys.sty
Package: kvdefinekeys 2019-12-19 v1.6 Define keys (HO)
) (c:/Users/erobin17/AppData/Roaming/TinyTeX/texmf-dist/tex/generic/pdfescape/pdfescape.sty
Package: pdfescape 2019/12/09 v1.15 Implements pdfTeX's escape features (HO)
(c:/Users/erobin17/AppData/Roaming/TinyTeX/texmf-dist/tex/generic/ltxcmds/ltxcmds.sty
Package: ltxcmds 2023-12-04 v1.26 LaTeX kernel commands for general use (HO)
) (c:/Users/erobin17/AppData/Roaming/TinyTeX/texmf-dist/tex/generic/pdftexcmds/pdftexcmds.sty
Package: pdftexcmds 2020-06-27 v0.33 Utility functions of pdfTeX for LuaTeX (HO)
(c:/Users/erobin17/AppData/Roaming/TinyTeX/texmf-dist/tex/generic/infwarerr/infwarerr.sty
Package: infwarerr 2019/12/03 v1.5 Providing info/warning/error messages (HO)
)
Package pdftexcmds Info: \pdf@primitive is available.
Package pdftexcmds Info: \pdf@ifprimitive is available.
Package pdftexcmds Info: \pdfdraftmode found.
)) (c:/Users/erobin17/AppData/Roaming/TinyTeX/texmf-dist/tex/latex/hycolor/hycolor.sty
Package: hycolor 2020-01-27 v1.10 Color options for hyperref/bookmark (HO)
) (c:/Users/erobin17/AppData/Roaming/TinyTeX/texmf-dist/tex/latex/hyperref/nameref.sty
Package: nameref 2023-11-26 v2.56 Cross-referencing by name of section
(c:/Users/erobin17/AppData/Roaming/TinyTeX/texmf-dist/tex/latex/refcount/refcount.sty
Package: refcount 2019/12/15 v3.6 Data extraction from label references (HO)
) (c:/Users/erobin17/AppData/Roaming/TinyTeX/texmf-dist/tex/generic/gettitlestring/gettitlestring.sty
Package: gettitlestring 2019/12/15 v1.6 Cleanup title references (HO)
(c:/Users/erobin17/AppData/Roaming/TinyTeX/texmf-dist/tex/latex/kvoptions/kvoptions.sty
Package: kvoptions 2022-06-15 v3.15 Key value format for package options (HO)
))
\c@section@level=\count298
) (c:/Users/erobin17/AppData/Roaming/TinyTeX/texmf-dist/tex/latex/etoolbox/etoolbox.sty
Package: etoolbox 2025/02/11 v2.5l e-TeX tools for LaTeX (JAW)
\etb@tempcnta=\count299
) (c:/Users/erobin17/AppData/Roaming/TinyTeX/texmf-dist/tex/generic/stringenc/stringenc.sty
Package: stringenc 2019/11/29 v1.12 Convert strings between diff. encodings (HO)
)
\@linkdim=\dimen174
\Hy@linkcounter=\count300
\Hy@pagecounter=\count301
(c:/Users/erobin17/AppData/Roaming/TinyTeX/texmf-dist/tex/latex/hyperref/pd1enc.def
File: pd1enc.def 2024-11-05 v7.01l Hyperref: PDFDocEncoding definition (HO)
Now handling font encoding PD1 ...
... no UTF-8 mapping file for font encoding PD1
) (c:/Users/erobin17/AppData/Roaming/TinyTeX/texmf-dist/tex/generic/intcalc/intcalc.sty
Package: intcalc 2019/12/15 v1.3 Expandable calculations with integers (HO)
)
\Hy@SavedSpaceFactor=\count302
(c:/Users/erobin17/AppData/Roaming/TinyTeX/texmf-dist/tex/latex/hyperref/puenc.def
File: puenc.def 2024-11-05 v7.01l Hyperref: PDF Unicode definition (HO)
Now handling font encoding PU ...
... no UTF-8 mapping file for font encoding PU
)
Package hyperref Info: Option `unicode' set `true' on input line 4040.
Package hyperref Info: Hyper figures OFF on input line 4157.
Package hyperref Info: Link nesting OFF on input line 4162.
Package hyperref Info: Hyper index ON on input line 4165.
Package hyperref Info: Plain pages OFF on input line 4172.
Package hyperref Info: Backreferencing OFF on input line 4177.
Package hyperref Info: Implicit mode ON; LaTeX internals redefined.
Package hyperref Info: Bookmarks ON on input line 4424.
\c@Hy@tempcnt=\count303
(c:/Users/erobin17/AppData/Roaming/TinyTeX/texmf-dist/tex/latex/url/url.sty
\Urlmuskip=\muskip18
Package: url 2013/09/16  ver 3.4  Verb mode for urls, etc.
)
LaTeX Info: Redefining \url on input line 4763.
\XeTeXLinkMargin=\dimen175
(c:/Users/erobin17/AppData/Roaming/TinyTeX/texmf-dist/tex/generic/bitset/bitset.sty
Package: bitset 2019/12/09 v1.3 Handle bit-vector datatype (HO)
(c:/Users/erobin17/AppData/Roaming/TinyTeX/texmf-dist/tex/generic/bigintcalc/bigintcalc.sty
Package: bigintcalc 2019/12/15 v1.5 Expandable calculations on big integers (HO)
))
\Fld@menulength=\count304
\Field@Width=\dimen176
\Fld@charsize=\dimen177
Package hyperref Info: Hyper figures OFF on input line 6042.
Package hyperref Info: Link nesting OFF on input line 6047.
Package hyperref Info: Hyper index ON on input line 6050.
Package hyperref Info: backreferencing OFF on input line 6057.
Package hyperref Info: Link coloring OFF on input line 6062.
Package hyperref Info: Link coloring with OCG OFF on input line 6067.
Package hyperref Info: PDF/A mode OFF on input line 6072.
(c:/Users/erobin17/AppData/Roaming/TinyTeX/texmf-dist/tex/latex/base/atbegshi-ltx.sty
Package: atbegshi-ltx 2021/01/10 v1.0c Emulation of the original atbegshi
package with kernel methods
)
\Hy@abspage=\count305
\c@Item=\count306
\c@Hfootnote=\count307
)
Package hyperref Info: Driver (autodetected): hpdftex.
(c:/Users/erobin17/AppData/Roaming/TinyTeX/texmf-dist/tex/latex/hyperref/hpdftex.def
File: hpdftex.def 2024-11-05 v7.01l Hyperref driver for pdfTeX
(c:/Users/erobin17/AppData/Roaming/TinyTeX/texmf-dist/tex/latex/base/atveryend-ltx.sty
Package: atveryend-ltx 2020/08/19 v1.0a Emulation of the original atveryend package
with kernel methods
)
\Fld@listcount=\count308
\c@bookmark@seq@number=\count309
(c:/Users/erobin17/AppData/Roaming/TinyTeX/texmf-dist/tex/latex/rerunfilecheck/rerunfilecheck.sty
Package: rerunfilecheck 2022-07-10 v1.10 Rerun checks for auxiliary files (HO)
(c:/Users/erobin17/AppData/Roaming/TinyTeX/texmf-dist/tex/generic/uniquecounter/uniquecounter.sty
Package: uniquecounter 2019/12/15 v1.4 Provide unlimited unique counter (HO)
)
Package uniquecounter Info: New unique counter `rerunfilecheck' on input line 285.
)
\Hy@SectionHShift=\skip59
) (c:/Users/erobin17/AppData/Roaming/TinyTeX/texmf-dist/tex/latex/cleveref/cleveref.sty
Package: cleveref 2018/03/27 v0.21.4 Intelligent cross-referencing
Package cleveref Info: `hyperref' support loaded on input line 2370.
LaTeX Info: Redefining \cref on input line 2370.
LaTeX Info: Redefining \Cref on input line 2370.
LaTeX Info: Redefining \crefrange on input line 2370.
LaTeX Info: Redefining \Crefrange on input line 2370.
LaTeX Info: Redefining \cpageref on input line 2370.
LaTeX Info: Redefining \Cpageref on input line 2370.
LaTeX Info: Redefining \cpagerefrange on input line 2370.
LaTeX Info: Redefining \Cpagerefrange on input line 2370.
LaTeX Info: Redefining \labelcref on input line 2370.
LaTeX Info: Redefining \labelcpageref on input line 2370.
Package cleveref Info: `algorithmicx' support loaded on input line 3120.
Package cleveref Info: always capitalise cross-reference names on input line 7825.
Package cleveref Info: always capitalise cross-reference names on input line 7852.
) (c:/Users/erobin17/AppData/Roaming/TinyTeX/texmf-dist/tex/latex/tools/xr.sty
Package: xr 2024-04-10 v6.00 eXternal References (DPC)
)
Package xr Info: IMPORTING LABELS FROM appendix.aux on input line 43.
(c:/Users/erobin17/AppData/Roaming/TinyTeX/texmf-dist/tex/latex/subfig/subfig.sty
Package: subfig 2005/06/28 ver: 1.3 subfig package
(c:/Users/erobin17/AppData/Roaming/TinyTeX/texmf-dist/tex/latex/caption/caption.sty
Package: caption 2023/08/05 v3.6o Customizing captions (AR)
(c:/Users/erobin17/AppData/Roaming/TinyTeX/texmf-dist/tex/latex/caption/caption3.sty
Package: caption3 2023/07/31 v2.4d caption3 kernel (AR)
\caption@tempdima=\dimen178
\captionmargin=\dimen179
\caption@leftmargin=\dimen180
\caption@rightmargin=\dimen181
\caption@width=\dimen182
\caption@indent=\dimen183
\caption@parindent=\dimen184
\caption@hangindent=\dimen185
Package caption Info: Standard document class detected.
)
\c@caption@flags=\count310
\c@continuedfloat=\count311
Package caption Info: float package is loaded.
Package caption Info: hyperref package is loaded.
)
\c@KVtest=\count312
\sf@farskip=\skip60
\sf@captopadj=\dimen186
\sf@capskip=\skip61
\sf@nearskip=\skip62
\c@subfigure=\count313
\c@subfigure@save=\count314
\c@lofdepth=\count315
\c@subtable=\count316
\c@subtable@save=\count317
\c@lotdepth=\count318
\sf@top=\skip63
\sf@bottom=\skip64
) (c:/Users/erobin17/AppData/Roaming/TinyTeX/texmf-dist/tex/latex/bookmark/bookmark.sty
Package: bookmark 2023-12-10 v1.31 PDF bookmarks (HO)
(c:/Users/erobin17/AppData/Roaming/TinyTeX/texmf-dist/tex/latex/bookmark/bkm-pdftex.def
File: bkm-pdftex.def 2023-12-10 v1.31 bookmark driver for pdfTeX and luaTeX (HO)
\BKM@id=\count319
)) (c:/Users/erobin17/AppData/Roaming/TinyTeX/texmf-dist/tex/latex/l3backend/l3backend-pdftex.def
File: l3backend-pdftex.def 2024-05-08 L3 backend support: PDF output (pdfTeX)
\l__color_backend_stack_int=\count320
\l__pdf_internal_box=\box56
) (./logarithmic-lineups-revisions-3+appendix.aux

LaTeX Warning: Label `fig:rorschach-lineups' multiply defined.


LaTeX Warning: Label `fig:rorschach-lineups@cref' multiply defined.


LaTeX Warning: Label `exponential-growth-rates-and-curvature' multiply defined.


LaTeX Warning: Label `exponential-growth-rates-and-curvature@cref' multiply defined.


LaTeX Warning: Label `eq:simpleexp' multiply defined.


LaTeX Warning: Label `eq:simpleexp@cref' multiply defined.


LaTeX Warning: Label `fig:simple-exponential' multiply defined.


LaTeX Warning: Label `fig:simple-exponential@cref' multiply defined.


LaTeX Warning: Label `fig:lineup-fixed-scales' multiply defined.


LaTeX Warning: Label `fig:lineup-fixed-scales@cref' multiply defined.


LaTeX Warning: Label `fig:lineup-free-scales-1' multiply defined.


LaTeX Warning: Label `fig:lineup-free-scales-1@cref' multiply defined.


LaTeX Warning: Label `sub@fig:lineup-free-scales-1' multiply defined.


LaTeX Warning: Label `fig:lineup-free-scales-2' multiply defined.


LaTeX Warning: Label `fig:lineup-free-scales-2@cref' multiply defined.


LaTeX Warning: Label `sub@fig:lineup-free-scales-2' multiply defined.


LaTeX Warning: Label `fig:lineup-free-scales' multiply defined.


LaTeX Warning: Label `fig:lineup-free-scales@cref' multiply defined.


LaTeX Warning: Label `fig:lineup-truncate-scales' multiply defined.


LaTeX Warning: Label `fig:lineup-truncate-scales@cref' multiply defined.


LaTeX Warning: Label `eq:complexexp' multiply defined.


LaTeX Warning: Label `eq:complexexp@cref' multiply defined.


LaTeX Warning: Label `fig:lineup-scale-data' multiply defined.


LaTeX Warning: Label `fig:lineup-scale-data@cref' multiply defined.


LaTeX Warning: Label `participant-confidence-and-accuracy' multiply defined.


LaTeX Warning: Label `participant-confidence-and-accuracy@cref' multiply defined.


LaTeX Warning: Label `fig:conf-mosaic' multiply defined.


LaTeX Warning: Label `fig:conf-mosaic@cref' multiply defined.


Package natbib Warning: Citation `vanderplas_clusters_2017' multiply defined.


Package natbib Warning: Citation `wolfeWhatPreattentiveFeature2019' multiply defined.

)
\openout1 = `logarithmic-lineups-revisions-3+appendix.aux'.

LaTeX Font Info:    Checking defaults for OML/cmm/m/it on input line 55.
LaTeX Font Info:    ... okay on input line 55.
LaTeX Font Info:    Checking defaults for OMS/cmsy/m/n on input line 55.
LaTeX Font Info:    ... okay on input line 55.
LaTeX Font Info:    Checking defaults for OT1/cmr/m/n on input line 55.
LaTeX Font Info:    ... okay on input line 55.
LaTeX Font Info:    Checking defaults for T1/cmr/m/n on input line 55.
LaTeX Font Info:    ... okay on input line 55.
LaTeX Font Info:    Checking defaults for TS1/cmr/m/n on input line 55.
LaTeX Font Info:    ... okay on input line 55.
LaTeX Font Info:    Checking defaults for OMX/cmex/m/n on input line 55.
LaTeX Font Info:    ... okay on input line 55.
LaTeX Font Info:    Checking defaults for U/cmr/m/n on input line 55.
LaTeX Font Info:    ... okay on input line 55.
LaTeX Font Info:    Checking defaults for PD1/pdf/m/n on input line 55.
LaTeX Font Info:    ... okay on input line 55.
LaTeX Font Info:    Checking defaults for PU/pdf/m/n on input line 55.
LaTeX Font Info:    ... okay on input line 55.
(c:/Users/erobin17/AppData/Roaming/TinyTeX/texmf-dist/tex/latex/epstopdf-pkg/epstopdf-base.sty
Package: epstopdf-base 2020-01-24 v2.11 Base part for package epstopdf
Package epstopdf-base Info: Redefining graphics rule for `.eps' on input line 485.
(c:/Users/erobin17/AppData/Roaming/TinyTeX/texmf-dist/tex/latex/latexconfig/epstopdf-sys.cfg
File: epstopdf-sys.cfg 2010/07/13 v1.3 Configuration of (r)epstopdf for TeX Live
))
Package hyperref Info: Link coloring OFF on input line 55.
Package caption Info: Begin \AtBeginDocument code.
Package caption Info: subfig package v1.3 is loaded.
Package caption Info: End \AtBeginDocument code.

Overfull \hbox (66.51514pt too wide) in paragraph at lines 80--80
 [][] 
 []



[1
Non-PDF special ignored!
<special> header=psfrag.pro

{c:/Users/erobin17/AppData/Roaming/TinyTeX/texmf-var/fonts/map/pdftex/updmap/pdftex.map}]

[2]
<logarithmic-lineups-revisions-3_files/figure-latex/log-scales-1.pdf, id=35, 410.53375pt x 233.87375pt>
File: logarithmic-lineups-revisions-3_files/figure-latex/log-scales-1.pdf Graphic file (type pdf)
<use logarithmic-lineups-revisions-3_files/figure-latex/log-scales-1.pdf>
Package pdftex.def Info: logarithmic-lineups-revisions-3_files/figure-latex/log-scales-1.pdf  used on input line 165.
(pdftex.def)             Requested size: 462.26999pt x 263.34639pt.


[3 <./logarithmic-lineups-revisions-3_files/figure-latex/log-scales-1.pdf>]

[4]

[5]

LaTeX Warning: Hyper reference `conclusion-discussion' on page 6 undefined on input line 269.



[6]

[7]
Package hyperref Info: bookmark level for unknown algorithm defaults to 0 on input line 330.
<logarithmic-lineups-revisions-3_files/figure-latex/lof-density-curves-1.pdf, id=157, 549.05125pt x 257.96375pt>
File: logarithmic-lineups-revisions-3_files/figure-latex/lof-density-curves-1.pdf Graphic file (type pdf)
<use logarithmic-lineups-revisions-3_files/figure-latex/lof-density-curves-1.pdf>
Package pdftex.def Info: logarithmic-lineups-revisions-3_files/figure-latex/lof-density-curves-1.pdf  used on input line 383.
(pdftex.def)             Requested size: 462.26999pt x 217.19583pt.


[8]

[9]

[10
pdfTeX warning (ext4): destination with the same identifier (name{ALG@line.1}) has been already used, duplicate ignored
<argument> ...shipout:D \box_use:N \l_shipout_box 
                                                  \__shipout_drop_firstpage_...
l.431 
      
pdfTeX warning (ext4): destination with the same identifier (name{ALG@line.2}) has been already used, duplicate ignored
<argument> ...shipout:D \box_use:N \l_shipout_box 
                                                  \__shipout_drop_firstpage_...
l.431 
      
pdfTeX warning (ext4): destination with the same identifier (name{ALG@line.3}) has been already used, duplicate ignored
<argument> ...shipout:D \box_use:N \l_shipout_box 
                                                  \__shipout_drop_firstpage_...
l.431 
      
pdfTeX warning (ext4): destination with the same identifier (name{ALG@line.4}) has been already used, duplicate ignored
<argument> ...shipout:D \box_use:N \l_shipout_box 
                                                  \__shipout_drop_firstpage_...
l.431 
      
pdfTeX warning (ext4): destination with the same identifier (name{ALG@line.5}) has been already used, duplicate ignored
<argument> ...shipout:D \box_use:N \l_shipout_box 
                                                  \__shipout_drop_firstpage_...
l.431 
      ]

[11 <./logarithmic-lineups-revisions-3_files/figure-latex/lof-density-curves-1.pdf>]
<logarithmic-lineups-revisions-3_files/figure-latex/curvature-combination-example-1.pdf, id=211, 640.3925pt x 367.3725pt>
File: logarithmic-lineups-revisions-3_files/figure-latex/curvature-combination-example-1.pdf Graphic file (type pdf)
<use logarithmic-lineups-revisions-3_files/figure-latex/curvature-combination-example-1.pdf>
Package pdftex.def Info: logarithmic-lineups-revisions-3_files/figure-latex/curvature-combination-example-1.pdf  used on input line 434.
(pdftex.def)             Requested size: 462.26999pt x 265.19186pt.
<logarithmic-lineups-revisions-3_files/figure-latex/lineup-example-1.pdf, id=213, 403.5075pt x 186.6975pt>
File: logarithmic-lineups-revisions-3_files/figure-latex/lineup-example-1.pdf Graphic file (type pdf)
<use logarithmic-lineups-revisions-3_files/figure-latex/lineup-example-1.pdf>
Package pdftex.def Info: logarithmic-lineups-revisions-3_files/figure-latex/lineup-example-1.pdf  used on input line 451.
(pdftex.def)             Requested size: 462.26999pt x 213.88855pt.


[12 <./logarithmic-lineups-revisions-3_files/figure-latex/curvature-combination-example-1.pdf>]

[13 <./logarithmic-lineups-revisions-3_files/figure-latex/lineup-example-1.pdf>]
Overfull \hbox (48.69556pt too wide) in paragraph at lines 494--505
\OT1/cmr/m/n/12 et al.[], []2022[]) ac-ces-si-ble at []$\OT1/cmtt/m/n/12 https : / / emily -[] robinson . shinyapps . io / perception -[] of -[] statistical -[]
 []

<images/study-homepage.jpg, id=252, 878.68275pt x 522.753pt>
File: images/study-homepage.jpg Graphic file (type jpg)
<use images/study-homepage.jpg>
Package pdftex.def Info: images/study-homepage.jpg  used on input line 508.
(pdftex.def)             Requested size: 462.26999pt x 275.02374pt.


[14]

[15 <./images/study-homepage.jpg>]
<images/lineup-study-example-trial.jpg, id=269, 1064.778pt x 651.6345pt>
File: images/lineup-study-example-trial.jpg Graphic file (type jpg)
<use images/lineup-study-example-trial.jpg>
Package pdftex.def Info: images/lineup-study-example-trial.jpg  used on input line 530.
(pdftex.def)             Requested size: 462.26999pt x 282.9019pt.


[16 <./images/lineup-study-example-trial.jpg>]

[17]

[18]
<logarithmic-lineups-revisions-3_files/figure-latex/rorschach-lineups-1.pdf, id=301, 626.34pt x 493.845pt>
File: logarithmic-lineups-revisions-3_files/figure-latex/rorschach-lineups-1.pdf Graphic file (type pdf)
<use logarithmic-lineups-revisions-3_files/figure-latex/rorschach-lineups-1.pdf>
Package pdftex.def Info: logarithmic-lineups-revisions-3_files/figure-latex/rorschach-lineups-1.pdf  used on input line 624.
(pdftex.def)             Requested size: 462.26999pt x 364.4901pt.


[19]

[20 <./logarithmic-lineups-revisions-3_files/figure-latex/rorschach-lineups-1.pdf>]

[21]
LaTeX Font Info:    Trying to load font information for OML+cmr on input line 700.
(c:/Users/erobin17/AppData/Roaming/TinyTeX/texmf-dist/tex/latex/base/omlcmr.fd
File: omlcmr.fd 2024/11/19 v2.5n Standard LaTeX font definitions
)
LaTeX Font Info:    Font shape `OML/cmr/m/n' in size <12> not available
(Font)              Font shape `OML/cmm/m/it' tried instead on input line 700.
<images/observed-probabilities.png, id=327, 597.73312pt x 845.40843pt>
File: images/observed-probabilities.png Graphic file (type png)
<use images/observed-probabilities.png>
Package pdftex.def Info: images/observed-probabilities.png  used on input line 708.
(pdftex.def)             Requested size: 462.26999pt x 653.81737pt.

LaTeX Warning: Float too large for page by 157.75806pt on input line 713.



[22]

[23 <./images/observed-probabilities.png>]

[24]
<logarithmic-lineups-revisions-3_files/figure-latex/odds-ratio-plot-1.pdf, id=347, 614.295pt x 412.54124pt>
File: logarithmic-lineups-revisions-3_files/figure-latex/odds-ratio-plot-1.pdf Graphic file (type pdf)
<use logarithmic-lineups-revisions-3_files/figure-latex/odds-ratio-plot-1.pdf>
Package pdftex.def Info: logarithmic-lineups-revisions-3_files/figure-latex/odds-ratio-plot-1.pdf  used on input line 756.
(pdftex.def)             Requested size: 462.26999pt x 310.45012pt.


[25 <./logarithmic-lineups-revisions-3_files/figure-latex/odds-ratio-plot-1.pdf>]

[26]

[27]
Overfull \hbox (28.01079pt too wide) in paragraph at lines 851--855
\OT1/cmr/m/n/12 found on GitHub at []$\OT1/cmtt/m/n/12 https : / / github . com / earobinson95 / perception -[] of -[] statistical -[]
 []



[28]
pdfTeX warning (ext4): destination with the same identifier (name{equation.1}) has been already used, duplicate ignored
<to be read again> 
                   \relax 
l.874 ..., \sigma).\label{eq:simpleexp}\end{align}
                                                  
<appendix-3_files/figure-latex/simple-exponential-1.pdf, id=394, 567.11874pt x 204.765pt>
File: appendix-3_files/figure-latex/simple-exponential-1.pdf Graphic file (type pdf)
<use appendix-3_files/figure-latex/simple-exponential-1.pdf>
Package pdftex.def Info: appendix-3_files/figure-latex/simple-exponential-1.pdf  used on input line 878.
(pdftex.def)             Requested size: 462.26999pt x 166.9148pt.


[29 <./appendix-3_files/figure-latex/simple-exponential-1.pdf>]
<appendix-3_files/figure-latex/lineup-fixed-scales-1.pdf, id=418, 529.98pt x 421.575pt>
File: appendix-3_files/figure-latex/lineup-fixed-scales-1.pdf Graphic file (type pdf)
<use appendix-3_files/figure-latex/lineup-fixed-scales-1.pdf>
Package pdftex.def Info: appendix-3_files/figure-latex/lineup-fixed-scales-1.pdf  used on input line 925.
(pdftex.def)             Requested size: 277.3648pt x 220.62901pt.


[30 <./appendix-3_files/figure-latex/lineup-fixed-scales-1.pdf>]
<appendix-3_files/figure-latex/lineup-free-scales-1.pdf, id=436, 527.9725pt x 421.575pt>
File: appendix-3_files/figure-latex/lineup-free-scales-1.pdf Graphic file (type pdf)
<use appendix-3_files/figure-latex/lineup-free-scales-1.pdf>
Package pdftex.def Info: appendix-3_files/figure-latex/lineup-free-scales-1.pdf  used on input line 939.
(pdftex.def)             Requested size: 277.3648pt x 221.46527pt.
<images/curvature-overlay-free-scales.png, id=437, 84.7968pt x 99.9735pt>
File: images/curvature-overlay-free-scales.png Graphic file (type png)
<use images/curvature-overlay-free-scales.png>
Package pdftex.def Info: images/curvature-overlay-free-scales.png  used on input line 939.
(pdftex.def)             Requested size: 92.45258pt x 109.00859pt.

Underfull \hbox (badness 2521) in paragraph at lines 939--939
[]\OT1/cmr/m/n/10 (b) |Over-lay of null
 []



[31 <./appendix-3_files/figure-latex/lineup-free-scales-1.pdf> <./images/curvature-overlay-free-scales.png>]
<appendix-3_files/figure-latex/lineup-truncate-scales-1.pdf, id=457, 529.98pt x 421.575pt>
File: appendix-3_files/figure-latex/lineup-truncate-scales-1.pdf Graphic file (type pdf)
<use appendix-3_files/figure-latex/lineup-truncate-scales-1.pdf>
Package pdftex.def Info: appendix-3_files/figure-latex/lineup-truncate-scales-1.pdf  used on input line 971.
(pdftex.def)             Requested size: 277.3648pt x 220.62901pt.


[32 <./appendix-3_files/figure-latex/lineup-truncate-scales-1.pdf>]
pdfTeX warning (ext4): destination with the same identifier (name{equation.2}) has been already used, duplicate ignored
<to be read again> 
                   \relax 
l.992 ... \sigma).\label{eq:complexexp}\end{align}
                                                  
<appendix-3_files/figure-latex/lineup-scale-data-1.pdf, id=473, 529.98pt x 421.575pt>
File: appendix-3_files/figure-latex/lineup-scale-data-1.pdf Graphic file (type pdf)
<use appendix-3_files/figure-latex/lineup-scale-data-1.pdf>
Package pdftex.def Info: appendix-3_files/figure-latex/lineup-scale-data-1.pdf  used on input line 1011.
(pdftex.def)             Requested size: 277.3648pt x 220.62901pt.


[33]
<appendix-3_files/figure-latex/conf-mosaic-1.pdf, id=484, 841.1425pt x 566.115pt>
File: appendix-3_files/figure-latex/conf-mosaic-1.pdf Graphic file (type pdf)
<use appendix-3_files/figure-latex/conf-mosaic-1.pdf>
Package pdftex.def Info: appendix-3_files/figure-latex/conf-mosaic-1.pdf  used on input line 1049.
(pdftex.def)             Requested size: 462.26999pt x 311.12234pt.


[34 <./appendix-3_files/figure-latex/lineup-scale-data-1.pdf>]

[35 <./appendix-3_files/figure-latex/conf-mosaic-1.pdf>]
<appendix-3_files/figure-latex/unnamed-chunk-4-1.pdf, id=511, 1051.93pt x 517.935pt>
File: appendix-3_files/figure-latex/unnamed-chunk-4-1.pdf Graphic file (type pdf)
<use appendix-3_files/figure-latex/unnamed-chunk-4-1.pdf>
Package pdftex.def Info: appendix-3_files/figure-latex/unnamed-chunk-4-1.pdf  used on input line 1080.
(pdftex.def)             Requested size: 462.26999pt x 227.60759pt.
<appendix-3_files/figure-latex/unnamed-chunk-4-2.pdf, id=512, 1051.93pt x 517.935pt>
File: appendix-3_files/figure-latex/unnamed-chunk-4-2.pdf Graphic file (type pdf)
<use appendix-3_files/figure-latex/unnamed-chunk-4-2.pdf>
Package pdftex.def Info: appendix-3_files/figure-latex/unnamed-chunk-4-2.pdf  used on input line 1082.
(pdftex.def)             Requested size: 462.26999pt x 227.60759pt.
<appendix-3_files/figure-latex/unnamed-chunk-4-3.pdf, id=513, 1051.93pt x 517.935pt>
File: appendix-3_files/figure-latex/unnamed-chunk-4-3.pdf Graphic file (type pdf)
<use appendix-3_files/figure-latex/unnamed-chunk-4-3.pdf>
Package pdftex.def Info: appendix-3_files/figure-latex/unnamed-chunk-4-3.pdf  used on input line 1084.
(pdftex.def)             Requested size: 462.26999pt x 227.60759pt.


[36 <./appendix-3_files/figure-latex/unnamed-chunk-4-1.pdf> <./appendix-3_files/figure-latex/unnamed-chunk-4-2.pdf>]
<appendix-3_files/figure-latex/unnamed-chunk-4-4.pdf, id=539, 1051.93pt x 517.935pt>
File: appendix-3_files/figure-latex/unnamed-chunk-4-4.pdf Graphic file (type pdf)
<use appendix-3_files/figure-latex/unnamed-chunk-4-4.pdf>
Package pdftex.def Info: appendix-3_files/figure-latex/unnamed-chunk-4-4.pdf  used on input line 1086.
(pdftex.def)             Requested size: 462.26999pt x 227.60759pt.
<appendix-3_files/figure-latex/unnamed-chunk-4-5.pdf, id=540, 1051.93pt x 517.935pt>
File: appendix-3_files/figure-latex/unnamed-chunk-4-5.pdf Graphic file (type pdf)
<use appendix-3_files/figure-latex/unnamed-chunk-4-5.pdf>
Package pdftex.def Info: appendix-3_files/figure-latex/unnamed-chunk-4-5.pdf  used on input line 1088.
(pdftex.def)             Requested size: 462.26999pt x 227.60759pt.


[37 <./appendix-3_files/figure-latex/unnamed-chunk-4-3.pdf> <./appendix-3_files/figure-latex/unnamed-chunk-4-4.pdf>]
<appendix-3_files/figure-latex/unnamed-chunk-4-6.pdf, id=567, 1051.93pt x 517.935pt>
File: appendix-3_files/figure-latex/unnamed-chunk-4-6.pdf Graphic file (type pdf)
<use appendix-3_files/figure-latex/unnamed-chunk-4-6.pdf>
Package pdftex.def Info: appendix-3_files/figure-latex/unnamed-chunk-4-6.pdf  used on input line 1090.
(pdftex.def)             Requested size: 462.26999pt x 227.60759pt.
<appendix-3_files/figure-latex/unnamed-chunk-5-1.pdf, id=568, 1051.93pt x 517.935pt>
File: appendix-3_files/figure-latex/unnamed-chunk-5-1.pdf Graphic file (type pdf)
<use appendix-3_files/figure-latex/unnamed-chunk-5-1.pdf>
Package pdftex.def Info: appendix-3_files/figure-latex/unnamed-chunk-5-1.pdf  used on input line 1095.
(pdftex.def)             Requested size: 462.26999pt x 227.60759pt.


[38 <./appendix-3_files/figure-latex/unnamed-chunk-4-5.pdf> <./appendix-3_files/figure-latex/unnamed-chunk-4-6.pdf>]
<appendix-3_files/figure-latex/unnamed-chunk-5-2.pdf, id=593, 1051.93pt x 517.935pt>
File: appendix-3_files/figure-latex/unnamed-chunk-5-2.pdf Graphic file (type pdf)
<use appendix-3_files/figure-latex/unnamed-chunk-5-2.pdf>
Package pdftex.def Info: appendix-3_files/figure-latex/unnamed-chunk-5-2.pdf  used on input line 1097.
(pdftex.def)             Requested size: 462.26999pt x 227.60759pt.
<appendix-3_files/figure-latex/unnamed-chunk-5-3.pdf, id=594, 1051.93pt x 517.935pt>
File: appendix-3_files/figure-latex/unnamed-chunk-5-3.pdf Graphic file (type pdf)
<use appendix-3_files/figure-latex/unnamed-chunk-5-3.pdf>
Package pdftex.def Info: appendix-3_files/figure-latex/unnamed-chunk-5-3.pdf  used on input line 1099.
(pdftex.def)             Requested size: 462.26999pt x 227.60759pt.


[39 <./appendix-3_files/figure-latex/unnamed-chunk-5-1.pdf> <./appendix-3_files/figure-latex/unnamed-chunk-5-2.pdf>]
<appendix-3_files/figure-latex/unnamed-chunk-5-4.pdf, id=620, 1051.93pt x 517.935pt>
File: appendix-3_files/figure-latex/unnamed-chunk-5-4.pdf Graphic file (type pdf)
<use appendix-3_files/figure-latex/unnamed-chunk-5-4.pdf>
Package pdftex.def Info: appendix-3_files/figure-latex/unnamed-chunk-5-4.pdf  used on input line 1101.
(pdftex.def)             Requested size: 462.26999pt x 227.60759pt.
<appendix-3_files/figure-latex/unnamed-chunk-5-5.pdf, id=621, 1051.93pt x 517.935pt>
File: appendix-3_files/figure-latex/unnamed-chunk-5-5.pdf Graphic file (type pdf)
<use appendix-3_files/figure-latex/unnamed-chunk-5-5.pdf>
Package pdftex.def Info: appendix-3_files/figure-latex/unnamed-chunk-5-5.pdf  used on input line 1103.
(pdftex.def)             Requested size: 462.26999pt x 227.60759pt.


[40 <./appendix-3_files/figure-latex/unnamed-chunk-5-3.pdf> <./appendix-3_files/figure-latex/unnamed-chunk-5-4.pdf>]
<appendix-3_files/figure-latex/unnamed-chunk-5-6.pdf, id=646, 1051.93pt x 517.935pt>
File: appendix-3_files/figure-latex/unnamed-chunk-5-6.pdf Graphic file (type pdf)
<use appendix-3_files/figure-latex/unnamed-chunk-5-6.pdf>
Package pdftex.def Info: appendix-3_files/figure-latex/unnamed-chunk-5-6.pdf  used on input line 1105.
(pdftex.def)             Requested size: 462.26999pt x 227.60759pt.
<appendix-3_files/figure-latex/unnamed-chunk-6-1.pdf, id=647, 1051.93pt x 517.935pt>
File: appendix-3_files/figure-latex/unnamed-chunk-6-1.pdf Graphic file (type pdf)
<use appendix-3_files/figure-latex/unnamed-chunk-6-1.pdf>
Package pdftex.def Info: appendix-3_files/figure-latex/unnamed-chunk-6-1.pdf  used on input line 1110.
(pdftex.def)             Requested size: 462.26999pt x 227.60759pt.


[41 <./appendix-3_files/figure-latex/unnamed-chunk-5-5.pdf> <./appendix-3_files/figure-latex/unnamed-chunk-5-6.pdf>]
<appendix-3_files/figure-latex/unnamed-chunk-6-2.pdf, id=672, 1051.93pt x 517.935pt>
File: appendix-3_files/figure-latex/unnamed-chunk-6-2.pdf Graphic file (type pdf)
<use appendix-3_files/figure-latex/unnamed-chunk-6-2.pdf>
Package pdftex.def Info: appendix-3_files/figure-latex/unnamed-chunk-6-2.pdf  used on input line 1112.
(pdftex.def)             Requested size: 462.26999pt x 227.60759pt.
<appendix-3_files/figure-latex/unnamed-chunk-6-3.pdf, id=673, 1051.93pt x 517.935pt>
File: appendix-3_files/figure-latex/unnamed-chunk-6-3.pdf Graphic file (type pdf)
<use appendix-3_files/figure-latex/unnamed-chunk-6-3.pdf>
Package pdftex.def Info: appendix-3_files/figure-latex/unnamed-chunk-6-3.pdf  used on input line 1114.
(pdftex.def)             Requested size: 462.26999pt x 227.60759pt.


[42 <./appendix-3_files/figure-latex/unnamed-chunk-6-1.pdf> <./appendix-3_files/figure-latex/unnamed-chunk-6-2.pdf>]
<appendix-3_files/figure-latex/unnamed-chunk-6-4.pdf, id=699, 1051.93pt x 517.935pt>
File: appendix-3_files/figure-latex/unnamed-chunk-6-4.pdf Graphic file (type pdf)
<use appendix-3_files/figure-latex/unnamed-chunk-6-4.pdf>
Package pdftex.def Info: appendix-3_files/figure-latex/unnamed-chunk-6-4.pdf  used on input line 1116.
(pdftex.def)             Requested size: 462.26999pt x 227.60759pt.
<appendix-3_files/figure-latex/unnamed-chunk-6-5.pdf, id=700, 1051.93pt x 517.935pt>
File: appendix-3_files/figure-latex/unnamed-chunk-6-5.pdf Graphic file (type pdf)
<use appendix-3_files/figure-latex/unnamed-chunk-6-5.pdf>
Package pdftex.def Info: appendix-3_files/figure-latex/unnamed-chunk-6-5.pdf  used on input line 1118.
(pdftex.def)             Requested size: 462.26999pt x 227.60759pt.


[43 <./appendix-3_files/figure-latex/unnamed-chunk-6-3.pdf> <./appendix-3_files/figure-latex/unnamed-chunk-6-4.pdf>]
<appendix-3_files/figure-latex/unnamed-chunk-6-6.pdf, id=727, 1051.93pt x 517.935pt>
File: appendix-3_files/figure-latex/unnamed-chunk-6-6.pdf Graphic file (type pdf)
<use appendix-3_files/figure-latex/unnamed-chunk-6-6.pdf>
Package pdftex.def Info: appendix-3_files/figure-latex/unnamed-chunk-6-6.pdf  used on input line 1120.
(pdftex.def)             Requested size: 462.26999pt x 227.60759pt.


[44 <./appendix-3_files/figure-latex/unnamed-chunk-6-5.pdf> <./appendix-3_files/figure-latex/unnamed-chunk-6-6.pdf>] (./logarithmic-lineups-revisions-3+appendix.bbl

[45]

[46]

[47])

Package natbib Warning: There were multiply defined citations.



[48] (./logarithmic-lineups-revisions-3+appendix.aux)
 ***********
LaTeX2e <2024-11-01> patch level 2
L3 programming layer <2025-01-18>
 ***********

LaTeX Warning: There were undefined references.


LaTeX Warning: There were multiply-defined labels.

 ) 
Here is how much of TeX's memory you used:
 14816 strings out of 475171
 266471 string characters out of 5764021
 653660 words of memory out of 5000000
 37515 multiletter control sequences out of 15000+600000
 567519 words of font info for 66 fonts, out of 8000000 for 9000
 14 hyphenation exceptions out of 8191
 75i,11n,79p,732b,605s stack positions out of 10000i,1000n,20000p,200000b,200000s
 <c:/Users/erobin17/AppData/Roaming/TinyTeX/texmf-var/fonts/pk/ljfour/jknappen/ec/tcrm1200.600pk><c:/Users/erobin17/AppData/Roaming/TinyTeX/texmf-dist/fonts/type1/public/amsfonts/cm/cmbx10.pfb><c:/Users/erobin17/AppData/Roaming/TinyTeX/texmf-dist/fonts/type1/public/amsfonts/cm/cmbx12.pfb><c:/Users/erobin17/AppData/Roaming/TinyTeX/texmf-dist/fonts/type1/public/amsfonts/cm/cmmi12.pfb><c:/Users/erobin17/AppData/Roaming/TinyTeX/texmf-dist/fonts/type1/public/amsfonts/cm/cmmi6.pfb><c:/Users/erobin17/AppData/Roaming/TinyTeX/texmf-dist/fonts/type1/public/amsfonts/cm/cmmi8.pfb><c:/Users/erobin17/AppData/Roaming/TinyTeX/texmf-dist/fonts/type1/public/amsfonts/cm/cmr10.pfb><c:/Users/erobin17/AppData/Roaming/TinyTeX/texmf-dist/fonts/type1/public/amsfonts/cm/cmr12.pfb><c:/Users/erobin17/AppData/Roaming/TinyTeX/texmf-dist/fonts/type1/public/amsfonts/cm/cmr6.pfb><c:/Users/erobin17/AppData/Roaming/TinyTeX/texmf-dist/fonts/type1/public/amsfonts/cm/cmr8.pfb><c:/Users/erobin17/AppData/Roaming/TinyTeX/texmf-dist/fonts/type1/public/amsfonts/cm/cmsy10.pfb><c:/Users/erobin17/AppData/Roaming/TinyTeX/texmf-dist/fonts/type1/public/amsfonts/cm/cmsy8.pfb><c:/Users/erobin17/AppData/Roaming/TinyTeX/texmf-dist/fonts/type1/public/amsfonts/cm/cmti12.pfb><c:/Users/erobin17/AppData/Roaming/TinyTeX/texmf-dist/fonts/type1/public/amsfonts/cm/cmtt12.pfb>
Output written on logarithmic-lineups-revisions-3+appendix.pdf (48 pages, 3919966 bytes).
PDF statistics:
 916 PDF objects out of 1000 (max. 8388607)
 724 compressed objects within 8 object streams
 134 named destinations out of 1000 (max. 500000)
 315 words of extra memory for PDF output out of 10000 (max. 10000000)

